MPLINK 3.20, Linker
Linker Map File - Created Fri Dec 20 20:44:02 2002

                                 Section Info
                  Section       Type    Address   Location Size(Bytes)
                ---------  ---------  ---------  ---------  ---------
               _entry_scn       code   0x000000    program   0x000006
               highVector       code   0x000008    program   0x00000c
                lowVector       code   0x000018    program   0x000006
                   .cinit    romdata   0x00002a    program   0x00000e
          .code_UCOS_II.o       code   0x0000e0    program   0x002076
         .code_OS_CPU_C.o       code   0x002156    program   0x00054a
             .code_TEST.o       code   0x0026a0    program   0x0002d8
                   STDLIB       code   0x002978    program   0x00027c
       .romdata_UCOS_II.o    romdata   0x002bf4    program   0x000108
         .code_openxlcd.o       code   0x002cfc    program   0x0000b2
               _cinit_scn       code   0x002dae    program   0x00009e
          .code_fxm3232.o       code   0x002e4c    program   0x000070
         .code_setddram.o       code   0x002ebc    program   0x000056
         .code_writdata.o       code   0x002f12    program   0x000052
         .code_wcmdxlcd.o       code   0x002f64    program   0x000052
                   STRING       code   0x002fb6    program   0x000050
         .code_putsxlcd.o       code   0x003006    program   0x00004e
         .code_fxd3232u.o       code   0x003054    program   0x000048
          .code_t0write.o       code   0x00309c    program   0x000038
           .code_t0open.o       code   0x0030d4    program   0x000038
         .code_busyxlcd.o       code   0x00310c    program   0x00002c
              D1KTCYXCODE       code   0x003138    program   0x000020
             _startup_scn       code   0x003158    program   0x00001c
          .code_VECTORS.o       code   0x003174    program   0x00001a
              D10TCYXCODE       code   0x00318e    program   0x000016
      .romdata_setddram.o    romdata   0x0031a4    program   0x000000
             .stringtable    romdata   0x0031a4    program   0x000000
      .idata_wcmdxlcd.o_i    romdata   0x0031a4    program   0x000000
      .romdata_wcmdxlcd.o    romdata   0x0031a4    program   0x000000
          .romdata_TEST.o    romdata   0x0031a4    program   0x000000
      .idata_writdata.o_i    romdata   0x0031a4    program   0x000000
      .romdata_writdata.o    romdata   0x0031a4    program   0x000000
          .idata_TEST.o_i    romdata   0x0031a4    program   0x000011
       .idata_t0write.o_i    romdata   0x0031a4    program   0x000000
       .romdata_t0write.o    romdata   0x0031a4    program   0x000000
      .idata_putsxlcd.o_i    romdata   0x0031a4    program   0x000000
      .romdata_putsxlcd.o    romdata   0x0031a4    program   0x000000
         .romdata_c018i.o    romdata   0x0031a4    program   0x000000
         .idata_c018i.o_i    romdata   0x0031a4    program   0x000000
       .idata_UCOS_II.o_i    romdata   0x0031a4    program   0x000000
      .romdata_OS_CPU_C.o    romdata   0x0031a4    program   0x000000
      .idata_busyxlcd.o_i    romdata   0x0031a4    program   0x000000
      .romdata_busyxlcd.o    romdata   0x0031a4    program   0x000000
      .idata_fxd3232u.o_i    romdata   0x0031a4    program   0x000000
      .romdata_fxd3232u.o    romdata   0x0031a4    program   0x000000
       .idata_fxm3232.o_i    romdata   0x0031a4    program   0x000000
       .romdata_fxm3232.o    romdata   0x0031a4    program   0x000000
       .romdata_VECTORS.o    romdata   0x0031a4    program   0x000000
        .idata_t0open.o_i    romdata   0x0031a4    program   0x000000
        .romdata_t0open.o    romdata   0x0031a4    program   0x000000
      .idata_openxlcd.o_i    romdata   0x0031a4    program   0x000000
      .romdata_openxlcd.o    romdata   0x0031a4    program   0x000000
       .idata_VECTORS.o_i    romdata   0x0031a4    program   0x000000
      .idata_setddram.o_i    romdata   0x0031a4    program   0x000000
      .idata_OS_CPU_C.o_i    romdata   0x0031b5    program   0x000000
            .code_c018i.o       code   0x0031b6    program   0x000000
                 .tmpdata      udata   0x000000       data   0x000014
                MATH_DATA      udata   0x000014       data   0x000010
                DELAYDAT1      udata   0x000024       data   0x000001
                   .stack      udata   0x000080       data   0x000030
         .udata_UCOS_II.o      udata   0x0000b0       data   0x000248
            .udata_TEST.o      udata   0x0002f8       data   0x00012c
            .idata_TEST.o      idata   0x000424       data   0x000011
           .udata_c018i.o      udata   0x000435       data   0x00000a
        .idata_putsxlcd.o      idata   0x00043f       data   0x000000
        .udata_putsxlcd.o      udata   0x00043f       data   0x000000
         .idata_t0write.o      idata   0x00043f       data   0x000000
         .udata_t0write.o      udata   0x00043f       data   0x000000
        .idata_writdata.o      idata   0x00043f       data   0x000000
        .udata_writdata.o      udata   0x00043f       data   0x000000
        .idata_wcmdxlcd.o      idata   0x00043f       data   0x000000
        .udata_wcmdxlcd.o      udata   0x00043f       data   0x000000
        .idata_setddram.o      idata   0x00043f       data   0x000000
        .udata_setddram.o      udata   0x00043f       data   0x000000
        .idata_openxlcd.o      idata   0x00043f       data   0x000000
        .udata_openxlcd.o      udata   0x00043f       data   0x000000
          .idata_t0open.o      idata   0x00043f       data   0x000000
          .udata_t0open.o      udata   0x00043f       data   0x000000
         .idata_fxm3232.o      idata   0x00043f       data   0x000000
         .udata_fxm3232.o      udata   0x00043f       data   0x000000
        .idata_fxd3232u.o      idata   0x00043f       data   0x000000
        .udata_fxd3232u.o      udata   0x00043f       data   0x000000
           .idata_c018i.o      idata   0x00043f       data   0x000000
        .idata_busyxlcd.o      idata   0x00043f       data   0x000000
        .udata_busyxlcd.o      udata   0x00043f       data   0x000000
         .udata_VECTORS.o      udata   0x00043f       data   0x000000
         .idata_UCOS_II.o      idata   0x00043f       data   0x000000
         .idata_VECTORS.o      idata   0x00043f       data   0x000000
        .idata_OS_CPU_C.o      idata   0x00043f       data   0x000000
        .udata_OS_CPU_C.o      udata   0x00043f       data   0x000000
            SFR_UNBANKED0      udata   0x000f80       data   0x000080



                              Program Memory Usage 
                               Start         End      
                           ---------   ---------      
                            0x000000    0x000005      
                            0x000008    0x000013      
                            0x000018    0x00001d      
                            0x00002a    0x000037      
                            0x0000e0    0x0031b4      
            12539 out of 33048 program addresses used, program memory utilization is 37%



                              Symbols - Sorted by Name
                     Name    Address   Location    Storage File                     
                ---------  ---------  ---------  --------- ---------                
                 BusyXLCD   0x00310c    program     extern C:\MICROC~1\mcc18\src\pmc\XLCD\18Cxx\busyxlcd.c
     CPUhighInterruptHook   0x003188    program     extern D:\SOFTWARE\uCOS-II\PIC18\MPLAB-C18\WORK\VECTORS.C
            CPUhighVector   0x000008    program     extern D:\SOFTWARE\uCOS-II\PIC18\MPLAB-C18\WORK\OS_CPU_C.C
          CPUlowInterrupt   0x002546    program     extern D:\SOFTWARE\uCOS-II\PIC18\MPLAB-C18\WORK\OS_CPU_C.C
      CPUlowInterruptHook   0x003174    program     extern D:\SOFTWARE\uCOS-II\PIC18\MPLAB-C18\WORK\VECTORS.C
             CPUlowVector   0x000018    program     extern D:\SOFTWARE\uCOS-II\PIC18\MPLAB-C18\WORK\OS_CPU_C.C
                    D10_1   0x00319e    program     static C:\MICROC~1\MCC18\SRC\DELAYS\18CXX\d10tcyx.asm
                     D10x   0x003196    program     static C:\MICROC~1\MCC18\SRC\DELAYS\18CXX\d10tcyx.asm
                    D1K_1   0x003144    program     static C:\MICROC~1\MCC18\SRC\DELAYS\18CXX\d1ktcyx.asm
                     D1Kx   0x003142    program     static C:\MICROC~1\MCC18\SRC\DELAYS\18CXX\d1ktcyx.asm
              Delay10TCYx   0x00318e    program     extern C:\MICROC~1\MCC18\SRC\DELAYS\18CXX\d10tcyx.asm
              Delay1KTCYx   0x003138    program     extern C:\MICROC~1\MCC18\SRC\DELAYS\18CXX\d1ktcyx.asm
            DelayFor18TCY   0x0026a0    program     extern D:\SOFTWARE\uCOS-II\PIC18\MPLAB-C18\WORK\TEST.C
             DelayPORXLCD   0x0026ac    program     extern D:\SOFTWARE\uCOS-II\PIC18\MPLAB-C18\WORK\TEST.C
                DelayXLCD   0x0026b8    program     extern D:\SOFTWARE\uCOS-II\PIC18\MPLAB-C18\WORK\TEST.C
                 FXD3232U   0x003054    program     extern C:\MicroChip\mcc18\src\math\18Cxx\fxd3232u.c
                  FXM3232   0x002e4c    program     extern C:\MicroChip\mcc18\src\math\18Cxx\fxm3232.c
                  LCDTask   0x0026c4    program     extern D:\SOFTWARE\uCOS-II\PIC18\MPLAB-C18\WORK\TEST.C
                  OSCtxSw   0x002450    program     extern D:\SOFTWARE\uCOS-II\PIC18\MPLAB-C18\WORK\OS_CPU_C.C
                   OSInit   0x0000e0    program     extern D:\SOFTWARE\uCOS-II\PIC18\MPLAB-C18\WORK\UCOS_II.C
          OSInitHookBegin   0x0023c8    program     extern D:\SOFTWARE\uCOS-II\PIC18\MPLAB-C18\WORK\OS_CPU_C.C
            OSInitHookEnd   0x0023ca    program     extern D:\SOFTWARE\uCOS-II\PIC18\MPLAB-C18\WORK\OS_CPU_C.C
               OSIntCtxSw   0x0025d8    program     extern D:\SOFTWARE\uCOS-II\PIC18\MPLAB-C18\WORK\OS_CPU_C.C
               OSIntEnter   0x0000f6    program     extern D:\SOFTWARE\uCOS-II\PIC18\MPLAB-C18\WORK\UCOS_II.C
                OSIntExit   0x000120    program     extern D:\SOFTWARE\uCOS-II\PIC18\MPLAB-C18\WORK\UCOS_II.C
                 OSMapTbl   0x002bf4    program     extern D:\SOFTWARE\uCOS-II\PIC18\MPLAB-C18\WORK\UCOS_II.C
              OSSchedLock   0x00022c    program     extern D:\SOFTWARE\uCOS-II\PIC18\MPLAB-C18\WORK\UCOS_II.C
            OSSchedUnlock   0x000286    program     extern D:\SOFTWARE\uCOS-II\PIC18\MPLAB-C18\WORK\UCOS_II.C
                  OSStart   0x0002e4    program     extern D:\SOFTWARE\uCOS-II\PIC18\MPLAB-C18\WORK\UCOS_II.C
           OSStartHighRdy   0x0023cc    program     extern D:\SOFTWARE\uCOS-II\PIC18\MPLAB-C18\WORK\OS_CPU_C.C
               OSStatInit   0x0003c6    program     extern D:\SOFTWARE\uCOS-II\PIC18\MPLAB-C18\WORK\UCOS_II.C
            OSTCBInitHook   0x0023aa    program     extern D:\SOFTWARE\uCOS-II\PIC18\MPLAB-C18\WORK\OS_CPU_C.C
         OSTaskChangePrio   0x000f92    program     extern D:\SOFTWARE\uCOS-II\PIC18\MPLAB-C18\WORK\UCOS_II.C
             OSTaskCreate   0x0012fc    program     extern D:\SOFTWARE\uCOS-II\PIC18\MPLAB-C18\WORK\UCOS_II.C
          OSTaskCreateExt   0x00149e    program     extern D:\SOFTWARE\uCOS-II\PIC18\MPLAB-C18\WORK\UCOS_II.C
         OSTaskCreateHook   0x00236a    program     extern D:\SOFTWARE\uCOS-II\PIC18\MPLAB-C18\WORK\OS_CPU_C.C
            OSTaskDelHook   0x002386    program     extern D:\SOFTWARE\uCOS-II\PIC18\MPLAB-C18\WORK\OS_CPU_C.C
           OSTaskIdleHook   0x0023c6    program     extern D:\SOFTWARE\uCOS-II\PIC18\MPLAB-C18\WORK\OS_CPU_C.C
             OSTaskResume   0x0016b0    program     extern D:\SOFTWARE\uCOS-II\PIC18\MPLAB-C18\WORK\UCOS_II.C
           OSTaskStatHook   0x0023a6    program     extern D:\SOFTWARE\uCOS-II\PIC18\MPLAB-C18\WORK\OS_CPU_C.C
             OSTaskStkChk   0x00180c    program     extern D:\SOFTWARE\uCOS-II\PIC18\MPLAB-C18\WORK\UCOS_II.C
            OSTaskStkInit   0x002156    program     extern D:\SOFTWARE\uCOS-II\PIC18\MPLAB-C18\WORK\OS_CPU_C.C
            OSTaskSuspend   0x001a48    program     extern D:\SOFTWARE\uCOS-II\PIC18\MPLAB-C18\WORK\UCOS_II.C
             OSTaskSwHook   0x0023a2    program     extern D:\SOFTWARE\uCOS-II\PIC18\MPLAB-C18\WORK\OS_CPU_C.C
                OSTimeDly   0x001bdc    program     extern D:\SOFTWARE\uCOS-II\PIC18\MPLAB-C18\WORK\UCOS_II.C
            OSTimeDlyHMSM   0x001c86    program     extern D:\SOFTWARE\uCOS-II\PIC18\MPLAB-C18\WORK\UCOS_II.C
          OSTimeDlyResume   0x001f32    program     extern D:\SOFTWARE\uCOS-II\PIC18\MPLAB-C18\WORK\UCOS_II.C
                OSTimeGet   0x00208a    program     extern D:\SOFTWARE\uCOS-II\PIC18\MPLAB-C18\WORK\UCOS_II.C
                OSTimeSet   0x00210c    program     extern D:\SOFTWARE\uCOS-II\PIC18\MPLAB-C18\WORK\UCOS_II.C
               OSTimeTick   0x000446    program     extern D:\SOFTWARE\uCOS-II\PIC18\MPLAB-C18\WORK\UCOS_II.C
           OSTimeTickHook   0x0023a8    program     extern D:\SOFTWARE\uCOS-II\PIC18\MPLAB-C18\WORK\OS_CPU_C.C
               OSUnMapTbl   0x002bfc    program     extern D:\SOFTWARE\uCOS-II\PIC18\MPLAB-C18\WORK\UCOS_II.C
                OSVersion   0x0005d8    program     extern D:\SOFTWARE\uCOS-II\PIC18\MPLAB-C18\WORK\UCOS_II.C
         OS_InitEventList   0x0005ea    program     static D:\SOFTWARE\uCOS-II\PIC18\MPLAB-C18\WORK\UCOS_II.C
              OS_InitMisc   0x0005ec    program     static D:\SOFTWARE\uCOS-II\PIC18\MPLAB-C18\WORK\UCOS_II.C
           OS_InitRdyList   0x000634    program     static D:\SOFTWARE\uCOS-II\PIC18\MPLAB-C18\WORK\UCOS_II.C
           OS_InitTCBList   0x00078a    program     static D:\SOFTWARE\uCOS-II\PIC18\MPLAB-C18\WORK\UCOS_II.C
          OS_InitTaskIdle   0x0006dc    program     static D:\SOFTWARE\uCOS-II\PIC18\MPLAB-C18\WORK\UCOS_II.C
          OS_InitTaskStat   0x000732    program     static D:\SOFTWARE\uCOS-II\PIC18\MPLAB-C18\WORK\UCOS_II.C
                 OS_Sched   0x0008c6    program     extern D:\SOFTWARE\uCOS-II\PIC18\MPLAB-C18\WORK\UCOS_II.C
               OS_TCBInit   0x000bec    program     extern D:\SOFTWARE\uCOS-II\PIC18\MPLAB-C18\WORK\UCOS_II.C
              OS_TaskIdle   0x0009c6    program     extern D:\SOFTWARE\uCOS-II\PIC18\MPLAB-C18\WORK\UCOS_II.C
              OS_TaskStat   0x000a22    program     extern D:\SOFTWARE\uCOS-II\PIC18\MPLAB-C18\WORK\UCOS_II.C
                  OneByte   0x002a68    program     static C:\MICROC~1\MCC18\SRC\STDLIB\18CXX\btobcd.asm
                  OneByte   0x002be2    program     static C:\MICROC~1\MCC18\SRC\STDLIB\18CXX\ltobcd.asm
               OpenTimer0   0x0030d4    program     extern C:\MICROC~1\mcc18\src\pmc\Timers\18Cxx\t0open.c
                 OpenXLCD   0x002cfc    program     extern C:\MICROC~1\mcc18\src\pmc\XLCD\18Cxx\openxlcd.c
                ProcLower   0x002b7a    program     static C:\MICROC~1\MCC18\SRC\STDLIB\18CXX\ultoa.asm
                ProcLower   0x002a2a    program     static C:\MICROC~1\MCC18\SRC\STDLIB\18CXX\btoa.asm
                ProcUpper   0x002a20    program     static C:\MICROC~1\MCC18\SRC\STDLIB\18CXX\btoa.asm
                ProcUpper   0x002b70    program     static C:\MICROC~1\MCC18\SRC\STDLIB\18CXX\ultoa.asm
             SetDDRamAddr   0x002ebc    program     extern C:\MICROC~1\mcc18\src\pmc\XLCD\18Cxx\setddram.c
                 TestTask   0x00285a    program     extern D:\SOFTWARE\uCOS-II\PIC18\MPLAB-C18\WORK\TEST.C
                 TstLower   0x002b64    program     static C:\MICROC~1\MCC18\SRC\STDLIB\18CXX\ultoa.asm
                 TstLower   0x002a14    program     static C:\MICROC~1\MCC18\SRC\STDLIB\18CXX\btoa.asm
                 TstUpper   0x002a0e    program     static C:\MICROC~1\MCC18\SRC\STDLIB\18CXX\btoa.asm
                 TstUpper   0x002b5e    program     static C:\MICROC~1\MCC18\SRC\STDLIB\18CXX\ultoa.asm
             WriteCmdXLCD   0x002f64    program     extern C:\MICROC~1\mcc18\src\pmc\XLCD\18Cxx\wcmdxlcd.c
            WriteDataXLCD   0x002f12    program     extern C:\MICROC~1\mcc18\src\pmc\XLCD\18Cxx\writdata.c
              WriteTimer0   0x00309c    program     extern C:\MICROC~1\mcc18\src\pmc\Timers\18Cxx\t0write.c
              _2jContinue   0x002fd6    program     static C:\MICROC~1\MCC18\SRC\STRING\18CXX\memset.asm
                   _3jEnd   0x002fe0    program     static C:\MICROC~1\MCC18\SRC\STRING\18CXX\memset.asm
        _D10TCYXCODE_000A   0x003198    program     static C:\MICROC~1\MCC18\SRC\DELAYS\18CXX\d10tcyx.asm
        _D10TCYXCODE_000C   0x00319a    program     static C:\MICROC~1\MCC18\SRC\DELAYS\18CXX\d10tcyx.asm
        _D10TCYXCODE_000E   0x00319c    program     static C:\MICROC~1\MCC18\SRC\DELAYS\18CXX\d10tcyx.asm
        _D1KTCYXCODE_0010   0x003148    program     static C:\MICROC~1\MCC18\SRC\DELAYS\18CXX\d1ktcyx.asm
        _D1KTCYXCODE_0016   0x00314e    program     static C:\MICROC~1\MCC18\SRC\DELAYS\18CXX\d1ktcyx.asm
           ___do_lbl00014   0x002408    program     static                          
           ___do_lbl00015   0x00240c    program     static                          
           ___do_lbl00016   0x0023fa    program     static                          
           ___do_lbl00021   0x0024fe    program     static                          
           ___do_lbl00022   0x002502    program     static                          
           ___do_lbl00023   0x0024f0    program     static                          
           ___do_lbl00034   0x002658    program     static                          
           ___do_lbl00035   0x00265c    program     static                          
           ___do_lbl00036   0x00264a    program     static                          
           ___if_lbl00013   0x0023f4    program     static                          
           ___if_lbl00020   0x0024bc    program     static                          
           ___if_lbl00030   0x002606    program     static                          
           ___if_lbl00033   0x002644    program     static                          
       ___return_lbl00000   0x00309a    program     static                          
       ___return_lbl00000   0x002eba    program     static                          
       ___return_lbl00000   0x000004    program     static                          
       ___return_lbl00001   0x003172    program     static                          
       ___return_lbl00002   0x002e4a    program     static                          
       ___return_lbl00003   0x0023a4    program     static                          
       ___return_lbl00010   0x00244e    program     static                          
       ___return_lbl00017   0x002544    program     static                          
       ___return_lbl00024   0x000012    program     static                          
       ___return_lbl00025   0x00001c    program     static                          
       ___return_lbl00026   0x0025d6    program     static                          
       ___return_lbl00027   0x00269e    program     static                          
        ___while_lbl00011   0x0023e4    program     static                          
        ___while_lbl00012   0x0023ee    program     static                          
        ___while_lbl00018   0x00249a    program     static                          
        ___while_lbl00019   0x0024b2    program     static                          
        ___while_lbl00028   0x0025e4    program     static                          
        ___while_lbl00029   0x0025fc    program     static                          
        ___while_lbl00031   0x002634    program     static                          
        ___while_lbl00032   0x00263e    program     static                          
                   __pa_0   0x002f56    program     static C:\MICROC~1\mcc18\src\pmc\XLCD\18Cxx\writdata.c
                   __pa_0   0x002fa8    program     static C:\MICROC~1\mcc18\src\pmc\XLCD\18Cxx\wcmdxlcd.c
                   __pa_0   0x002f04    program     static C:\MICROC~1\mcc18\src\pmc\XLCD\18Cxx\setddram.c
                   __pa_0   0x002d86    program     static C:\MICROC~1\mcc18\src\pmc\XLCD\18Cxx\openxlcd.c
                   __pa_0   0x003126    program     static C:\MICROC~1\mcc18\src\pmc\XLCD\18Cxx\busyxlcd.c
                   __pa_0   0x003044    program     static C:\MICROC~1\mcc18\src\pmc\XLCD\18Cxx\putsxlcd.c
                   __pa_1   0x002d9c    program     static C:\MICROC~1\mcc18\src\pmc\XLCD\18Cxx\openxlcd.c
                   __pa_2   0x002da6    program     static C:\MICROC~1\mcc18\src\pmc\XLCD\18Cxx\openxlcd.c
                _do_cinit   0x002dae    program     extern C:\mcc18\src\startup\c018i.c
                   _entry   0x000000    program     extern C:\mcc18\src\startup\c018i.c
                   _false   0x003096    program     static                          
                 _startup   0x003158    program     extern C:\mcc18\src\startup\c018i.c
                   btoBCD   0x002a34    program     extern C:\MICROC~1\MCC18\SRC\STDLIB\18CXX\btobcd.asm
                     btoa   0x002978    program     extern C:\MICROC~1\MCC18\SRC\STDLIB\18CXX\btoa.asm
                copy_loop   0x002e20    program     static                          
            copy_one_byte   0x002e26    program     static                          
                     done   0x002e4a    program     static                          
             done_copying   0x002e34    program     static                          
                     jDo1   0x0029da    program     static C:\MICROC~1\MCC18\SRC\STDLIB\18CXX\btoa.asm
                     jDo1   0x002b2a    program     static C:\MICROC~1\MCC18\SRC\STDLIB\18CXX\ultoa.asm
                    jDo10   0x002b06    program     static C:\MICROC~1\MCC18\SRC\STDLIB\18CXX\ultoa.asm
                     jDo2   0x002b26    program     static C:\MICROC~1\MCC18\SRC\STDLIB\18CXX\ultoa.asm
                     jDo2   0x0029d6    program     static C:\MICROC~1\MCC18\SRC\STDLIB\18CXX\btoa.asm
                     jDo3   0x0029d2    program     static C:\MICROC~1\MCC18\SRC\STDLIB\18CXX\btoa.asm
                     jDo3   0x002b22    program     static C:\MICROC~1\MCC18\SRC\STDLIB\18CXX\ultoa.asm
                     jDo4   0x002b1e    program     static C:\MICROC~1\MCC18\SRC\STDLIB\18CXX\ultoa.asm
                     jDo5   0x002b1a    program     static C:\MICROC~1\MCC18\SRC\STDLIB\18CXX\ultoa.asm
                     jDo6   0x002b16    program     static C:\MICROC~1\MCC18\SRC\STDLIB\18CXX\ultoa.asm
                     jDo7   0x002b12    program     static C:\MICROC~1\MCC18\SRC\STDLIB\18CXX\ultoa.asm
                     jDo8   0x002b0e    program     static C:\MICROC~1\MCC18\SRC\STDLIB\18CXX\ultoa.asm
                     jDo9   0x002b0a    program     static C:\MICROC~1\MCC18\SRC\STDLIB\18CXX\ultoa.asm
                     jEnd   0x003004    program     static C:\MICROC~1\MCC18\SRC\STRING\18CXX\strlen.asm
                     jEnd   0x002bde    program     static C:\MICROC~1\MCC18\SRC\STDLIB\18CXX\ltobcd.asm
                     jEnd   0x002a64    program     static C:\MICROC~1\MCC18\SRC\STDLIB\18CXX\btobcd.asm
                     jEnd   0x002fe8    program     static C:\MICROC~1\MCC18\SRC\STRING\18CXX\memset.asm
                    jLoop   0x002a4a    program     static C:\MICROC~1\MCC18\SRC\STDLIB\18CXX\btobcd.asm
                    jLoop   0x002ba0    program     static C:\MICROC~1\MCC18\SRC\STDLIB\18CXX\ltobcd.asm
                    jLoop   0x002ffa    program     static C:\MICROC~1\MCC18\SRC\STRING\18CXX\strlen.asm
                    jLoop   0x002fca    program     static C:\MICROC~1\MCC18\SRC\STRING\18CXX\memset.asm
                jTstLowZ1   0x002a1e    program     static C:\MICROC~1\MCC18\SRC\STDLIB\18CXX\btoa.asm
                jTstLowZ1   0x002b6e    program     static C:\MICROC~1\MCC18\SRC\STDLIB\18CXX\ultoa.asm
                jTstSign1   0x00299c    program     static C:\MICROC~1\MCC18\SRC\STDLIB\18CXX\btoa.asm
                     loop   0x003062    program     static                          
                     loop   0x00316c    program     static                          
                   ltoBCD   0x002b84    program     extern C:\MICROC~1\MCC18\SRC\STDLIB\18CXX\ltobcd.asm
                     main   0x002910    program     extern D:\SOFTWARE\uCOS-II\PIC18\MPLAB-C18\WORK\TEST.C
                   memset   0x002fb6    program     extern C:\MICROC~1\MCC18\SRC\STRING\18CXX\memset.asm
                 putsXLCD   0x003006    program     extern C:\MICROC~1\mcc18\src\pmc\XLCD\18Cxx\putsxlcd.c
                   strlen   0x002fea    program     extern C:\MICROC~1\MCC18\SRC\STRING\18CXX\strlen.asm
                     test   0x002dc8    program     static                          
                    ultoa   0x002a7a    program     extern C:\MICROC~1\MCC18\SRC\STDLIB\18CXX\ultoa.asm
                   AARGB0   0x00001b       data     extern C:\MICROC~1\MCC18\SRC\MATH\18CXX\aarg.asm
                   AARGB1   0x00001a       data     extern C:\MICROC~1\MCC18\SRC\MATH\18CXX\aarg.asm
                   AARGB2   0x000019       data     extern C:\MICROC~1\MCC18\SRC\MATH\18CXX\aarg.asm
                   AARGB3   0x000018       data     extern C:\MICROC~1\MCC18\SRC\MATH\18CXX\aarg.asm
                   AARGB4   0x000017       data     extern C:\MICROC~1\MCC18\SRC\MATH\18CXX\aarg.asm
                   AARGB5   0x000016       data     extern C:\MICROC~1\MCC18\SRC\MATH\18CXX\aarg.asm
                   AARGB6   0x000015       data     extern C:\MICROC~1\MCC18\SRC\MATH\18CXX\aarg.asm
                   AARGB7   0x000014       data     extern C:\MICROC~1\MCC18\SRC\MATH\18CXX\aarg.asm
                   ADCON0   0x000fc2       data     extern C:\MICROC~1\MCC18\SRC\PROC\p18f452.asm
               ADCON0bits   0x000fc2       data     extern C:\MICROC~1\MCC18\SRC\PROC\p18f452.asm
                   ADCON1   0x000fc1       data     extern C:\MICROC~1\MCC18\SRC\PROC\p18f452.asm
               ADCON1bits   0x000fc1       data     extern C:\MICROC~1\MCC18\SRC\PROC\p18f452.asm
                    ADRES   0x000fc3       data     extern C:\MICROC~1\MCC18\SRC\PROC\p18f452.asm
                   ADRESH   0x000fc4       data     extern C:\MICROC~1\MCC18\SRC\PROC\p18f452.asm
                   ADRESL   0x000fc3       data     extern C:\MICROC~1\MCC18\SRC\PROC\p18f452.asm
                     AEXP   0x00001c       data     extern C:\MICROC~1\MCC18\SRC\MATH\18CXX\aarg.asm
                   BARGB0   0x000020       data     extern C:\MICROC~1\MCC18\SRC\MATH\18CXX\barg.asm
                   BARGB1   0x00001f       data     extern C:\MICROC~1\MCC18\SRC\MATH\18CXX\barg.asm
                   BARGB2   0x00001e       data     extern C:\MICROC~1\MCC18\SRC\MATH\18CXX\barg.asm
                   BARGB3   0x00001d       data     extern C:\MICROC~1\MCC18\SRC\MATH\18CXX\barg.asm
                     BEXP   0x000021       data     extern C:\MICROC~1\MCC18\SRC\MATH\18CXX\barg.asm
                      BSR   0x000fe0       data     extern C:\MICROC~1\MCC18\SRC\PROC\p18f452.asm
                  CCP1CON   0x000fbd       data     extern C:\MICROC~1\MCC18\SRC\PROC\p18f452.asm
              CCP1CONbits   0x000fbd       data     extern C:\MICROC~1\MCC18\SRC\PROC\p18f452.asm
                  CCP2CON   0x000fba       data     extern C:\MICROC~1\MCC18\SRC\PROC\p18f452.asm
              CCP2CONbits   0x000fba       data     extern C:\MICROC~1\MCC18\SRC\PROC\p18f452.asm
                    CCPR1   0x000fbe       data     extern C:\MICROC~1\MCC18\SRC\PROC\p18f452.asm
                   CCPR1H   0x000fbf       data     extern C:\MICROC~1\MCC18\SRC\PROC\p18f452.asm
                   CCPR1L   0x000fbe       data     extern C:\MICROC~1\MCC18\SRC\PROC\p18f452.asm
                    CCPR2   0x000fbb       data     extern C:\MICROC~1\MCC18\SRC\PROC\p18f452.asm
                   CCPR2H   0x000fbc       data     extern C:\MICROC~1\MCC18\SRC\PROC\p18f452.asm
                   CCPR2L   0x000fbb       data     extern C:\MICROC~1\MCC18\SRC\PROC\p18f452.asm
                     DDRA   0x000f92       data     extern C:\MICROC~1\MCC18\SRC\PROC\p18f452.asm
                 DDRAbits   0x000f92       data     extern C:\MICROC~1\MCC18\SRC\PROC\p18f452.asm
                     DDRB   0x000f93       data     extern C:\MICROC~1\MCC18\SRC\PROC\p18f452.asm
                 DDRBbits   0x000f93       data     extern C:\MICROC~1\MCC18\SRC\PROC\p18f452.asm
                     DDRC   0x000f94       data     extern C:\MICROC~1\MCC18\SRC\PROC\p18f452.asm
                 DDRCbits   0x000f94       data     extern C:\MICROC~1\MCC18\SRC\PROC\p18f452.asm
                     DDRD   0x000f95       data     extern C:\MICROC~1\MCC18\SRC\PROC\p18f452.asm
                 DDRDbits   0x000f95       data     extern C:\MICROC~1\MCC18\SRC\PROC\p18f452.asm
                     DDRE   0x000f96       data     extern C:\MICROC~1\MCC18\SRC\PROC\p18f452.asm
                 DDREbits   0x000f96       data     extern C:\MICROC~1\MCC18\SRC\PROC\p18f452.asm
                     DDRF   0x000f97       data     extern C:\MICROC~1\MCC18\SRC\PROC\p18f452.asm
                 DDRFbits   0x000f97       data     extern C:\MICROC~1\MCC18\SRC\PROC\p18f452.asm
                     DDRG   0x000f98       data     extern C:\MICROC~1\MCC18\SRC\PROC\p18f452.asm
                 DDRGbits   0x000f98       data     extern C:\MICROC~1\MCC18\SRC\PROC\p18f452.asm
                     DDRH   0x000f99       data     extern C:\MICROC~1\MCC18\SRC\PROC\p18f452.asm
                 DDRHbits   0x000f99       data     extern C:\MICROC~1\MCC18\SRC\PROC\p18f452.asm
                     DDRJ   0x000f9a       data     extern C:\MICROC~1\MCC18\SRC\PROC\p18f452.asm
                 DDRJbits   0x000f9a       data     extern C:\MICROC~1\MCC18\SRC\PROC\p18f452.asm
            DelayCounter1   0x000024       data     extern C:\MICROC~1\MCC18\SRC\DELAYS\18CXX\delayd1.asm
                    EEADR   0x000fa9       data     extern C:\MICROC~1\MCC18\SRC\PROC\p18f452.asm
                   EECON1   0x000fa6       data     extern C:\MICROC~1\MCC18\SRC\PROC\p18f452.asm
               EECON1bits   0x000fa6       data     extern C:\MICROC~1\MCC18\SRC\PROC\p18f452.asm
                   EECON2   0x000fa7       data     extern C:\MICROC~1\MCC18\SRC\PROC\p18f452.asm
                   EEDATA   0x000fa8       data     extern C:\MICROC~1\MCC18\SRC\PROC\p18f452.asm
                  FPFLAGS   0x000023       data     extern C:\MICROC~1\MCC18\SRC\MATH\18CXX\cmath18.asm
                     FSR0   0x000fe9       data     extern C:\MICROC~1\MCC18\SRC\PROC\p18f452.asm
                    FSR0H   0x000fea       data     extern C:\MICROC~1\MCC18\SRC\PROC\p18f452.asm
                    FSR0L   0x000fe9       data     extern C:\MICROC~1\MCC18\SRC\PROC\p18f452.asm
                     FSR1   0x000fe1       data     extern C:\MICROC~1\MCC18\SRC\PROC\p18f452.asm
                    FSR1H   0x000fe2       data     extern C:\MICROC~1\MCC18\SRC\PROC\p18f452.asm
                    FSR1L   0x000fe1       data     extern C:\MICROC~1\MCC18\SRC\PROC\p18f452.asm
                     FSR2   0x000fd9       data     extern C:\MICROC~1\MCC18\SRC\PROC\p18f452.asm
                    FSR2H   0x000fda       data     extern C:\MICROC~1\MCC18\SRC\PROC\p18f452.asm
                    FSR2L   0x000fd9       data     extern C:\MICROC~1\MCC18\SRC\PROC\p18f452.asm
                    INDF0   0x000fef       data     extern C:\MICROC~1\MCC18\SRC\PROC\p18f452.asm
                    INDF1   0x000fe7       data     extern C:\MICROC~1\MCC18\SRC\PROC\p18f452.asm
                    INDF2   0x000fdf       data     extern C:\MICROC~1\MCC18\SRC\PROC\p18f452.asm
                   INTCON   0x000ff2       data     extern C:\MICROC~1\MCC18\SRC\PROC\p18f452.asm
                  INTCON2   0x000ff1       data     extern C:\MICROC~1\MCC18\SRC\PROC\p18f452.asm
              INTCON2bits   0x000ff1       data     extern C:\MICROC~1\MCC18\SRC\PROC\p18f452.asm
                  INTCON3   0x000ff0       data     extern C:\MICROC~1\MCC18\SRC\PROC\p18f452.asm
              INTCON3bits   0x000ff0       data     extern C:\MICROC~1\MCC18\SRC\PROC\p18f452.asm
               INTCONbits   0x000ff2       data     extern C:\MICROC~1\MCC18\SRC\PROC\p18f452.asm
                     IPR1   0x000f9f       data     extern C:\MICROC~1\MCC18\SRC\PROC\p18f452.asm
                 IPR1bits   0x000f9f       data     extern C:\MICROC~1\MCC18\SRC\PROC\p18f452.asm
                     IPR2   0x000fa2       data     extern C:\MICROC~1\MCC18\SRC\PROC\p18f452.asm
                 IPR2bits   0x000fa2       data     extern C:\MICROC~1\MCC18\SRC\PROC\p18f452.asm
                     LATA   0x000f89       data     extern C:\MICROC~1\MCC18\SRC\PROC\p18f452.asm
                 LATAbits   0x000f89       data     extern C:\MICROC~1\MCC18\SRC\PROC\p18f452.asm
                     LATB   0x000f8a       data     extern C:\MICROC~1\MCC18\SRC\PROC\p18f452.asm
                 LATBbits   0x000f8a       data     extern C:\MICROC~1\MCC18\SRC\PROC\p18f452.asm
                     LATC   0x000f8b       data     extern C:\MICROC~1\MCC18\SRC\PROC\p18f452.asm
                 LATCbits   0x000f8b       data     extern C:\MICROC~1\MCC18\SRC\PROC\p18f452.asm
                     LATD   0x000f8c       data     extern C:\MICROC~1\MCC18\SRC\PROC\p18f452.asm
                 LATDbits   0x000f8c       data     extern C:\MICROC~1\MCC18\SRC\PROC\p18f452.asm
                     LATE   0x000f8d       data     extern C:\MICROC~1\MCC18\SRC\PROC\p18f452.asm
                 LATEbits   0x000f8d       data     extern C:\MICROC~1\MCC18\SRC\PROC\p18f452.asm
               LCDTaskStk   0x00035c       data     extern D:\SOFTWARE\uCOS-II\PIC18\MPLAB-C18\WORK\TEST.C
                   LVDCON   0x000fd2       data     extern C:\MICROC~1\MCC18\SRC\PROC\p18f452.asm
               LVDCONbits   0x000fd2       data     extern C:\MICROC~1\MCC18\SRC\PROC\p18f452.asm
                   OSCCON   0x000fd3       data     extern C:\MICROC~1\MCC18\SRC\PROC\p18f452.asm
               OSCCONbits   0x000fd3       data     extern C:\MICROC~1\MCC18\SRC\PROC\p18f452.asm
               OSCPUUsage   0x0000b4       data     extern D:\SOFTWARE\uCOS-II\PIC18\MPLAB-C18\WORK\UCOS_II.C
               OSCtxSwCtr   0x0000b0       data     extern D:\SOFTWARE\uCOS-II\PIC18\MPLAB-C18\WORK\UCOS_II.C
                OSIdleCtr   0x00012c       data     extern D:\SOFTWARE\uCOS-II\PIC18\MPLAB-C18\WORK\UCOS_II.C
             OSIdleCtrMax   0x0000b5       data     extern D:\SOFTWARE\uCOS-II\PIC18\MPLAB-C18\WORK\UCOS_II.C
             OSIdleCtrRun   0x0000b9       data     extern D:\SOFTWARE\uCOS-II\PIC18\MPLAB-C18\WORK\UCOS_II.C
               OSIntExitY   0x000123       data     extern D:\SOFTWARE\uCOS-II\PIC18\MPLAB-C18\WORK\UCOS_II.C
             OSIntNesting   0x000122       data     extern D:\SOFTWARE\uCOS-II\PIC18\MPLAB-C18\WORK\UCOS_II.C
            OSLockNesting   0x000124       data     extern D:\SOFTWARE\uCOS-II\PIC18\MPLAB-C18\WORK\UCOS_II.C
                OSPrioCur   0x000125       data     extern D:\SOFTWARE\uCOS-II\PIC18\MPLAB-C18\WORK\UCOS_II.C
            OSPrioHighRdy   0x000126       data     extern D:\SOFTWARE\uCOS-II\PIC18\MPLAB-C18\WORK\UCOS_II.C
                 OSRdyGrp   0x000127       data     extern D:\SOFTWARE\uCOS-II\PIC18\MPLAB-C18\WORK\UCOS_II.C
                 OSRdyTbl   0x000128       data     extern D:\SOFTWARE\uCOS-II\PIC18\MPLAB-C18\WORK\UCOS_II.C
                OSRunning   0x00012a       data     extern D:\SOFTWARE\uCOS-II\PIC18\MPLAB-C18\WORK\UCOS_II.C
                OSStatRdy   0x0000bd       data     extern D:\SOFTWARE\uCOS-II\PIC18\MPLAB-C18\WORK\UCOS_II.C
                 OSTCBCur   0x000194       data     extern D:\SOFTWARE\uCOS-II\PIC18\MPLAB-C18\WORK\UCOS_II.C
            OSTCBFreeList   0x000196       data     extern D:\SOFTWARE\uCOS-II\PIC18\MPLAB-C18\WORK\UCOS_II.C
             OSTCBHighRdy   0x000198       data     extern D:\SOFTWARE\uCOS-II\PIC18\MPLAB-C18\WORK\UCOS_II.C
                OSTCBList   0x00019a       data     extern D:\SOFTWARE\uCOS-II\PIC18\MPLAB-C18\WORK\UCOS_II.C
             OSTCBPrioTbl   0x00019c       data     extern D:\SOFTWARE\uCOS-II\PIC18\MPLAB-C18\WORK\UCOS_II.C
                 OSTCBTbl   0x0001bc       data     extern D:\SOFTWARE\uCOS-II\PIC18\MPLAB-C18\WORK\UCOS_II.C
                OSTaskCtr   0x00012b       data     extern D:\SOFTWARE\uCOS-II\PIC18\MPLAB-C18\WORK\UCOS_II.C
            OSTaskIdleStk   0x000130       data     extern D:\SOFTWARE\uCOS-II\PIC18\MPLAB-C18\WORK\UCOS_II.C
            OSTaskStatStk   0x0000be       data     extern D:\SOFTWARE\uCOS-II\PIC18\MPLAB-C18\WORK\UCOS_II.C
                   OSTime   0x0002f4       data     extern D:\SOFTWARE\uCOS-II\PIC18\MPLAB-C18\WORK\UCOS_II.C
                       PC   0x000ff9       data     extern C:\MICROC~1\MCC18\SRC\PROC\p18f452.asm
                      PCL   0x000ff9       data     extern C:\MICROC~1\MCC18\SRC\PROC\p18f452.asm
                   PCLATH   0x000ffa       data     extern C:\MICROC~1\MCC18\SRC\PROC\p18f452.asm
                   PCLATU   0x000ffb       data     extern C:\MICROC~1\MCC18\SRC\PROC\p18f452.asm
                     PIE1   0x000f9d       data     extern C:\MICROC~1\MCC18\SRC\PROC\p18f452.asm
                 PIE1bits   0x000f9d       data     extern C:\MICROC~1\MCC18\SRC\PROC\p18f452.asm
                     PIE2   0x000fa0       data     extern C:\MICROC~1\MCC18\SRC\PROC\p18f452.asm
                 PIE2bits   0x000fa0       data     extern C:\MICROC~1\MCC18\SRC\PROC\p18f452.asm
                     PIR1   0x000f9e       data     extern C:\MICROC~1\MCC18\SRC\PROC\p18f452.asm
                 PIR1bits   0x000f9e       data     extern C:\MICROC~1\MCC18\SRC\PROC\p18f452.asm
                     PIR2   0x000fa1       data     extern C:\MICROC~1\MCC18\SRC\PROC\p18f452.asm
                 PIR2bits   0x000fa1       data     extern C:\MICROC~1\MCC18\SRC\PROC\p18f452.asm
                   PLUSW0   0x000feb       data     extern C:\MICROC~1\MCC18\SRC\PROC\p18f452.asm
                   PLUSW1   0x000fe3       data     extern C:\MICROC~1\MCC18\SRC\PROC\p18f452.asm
                   PLUSW2   0x000fdb       data     extern C:\MICROC~1\MCC18\SRC\PROC\p18f452.asm
                    PORTA   0x000f80       data     extern C:\MICROC~1\MCC18\SRC\PROC\p18f452.asm
                PORTAbits   0x000f80       data     extern C:\MICROC~1\MCC18\SRC\PROC\p18f452.asm
                    PORTB   0x000f81       data     extern C:\MICROC~1\MCC18\SRC\PROC\p18f452.asm
                PORTBbits   0x000f81       data     extern C:\MICROC~1\MCC18\SRC\PROC\p18f452.asm
                    PORTC   0x000f82       data     extern C:\MICROC~1\MCC18\SRC\PROC\p18f452.asm
                PORTCbits   0x000f82       data     extern C:\MICROC~1\MCC18\SRC\PROC\p18f452.asm
                    PORTD   0x000f83       data     extern C:\MICROC~1\MCC18\SRC\PROC\p18f452.asm
                PORTDbits   0x000f83       data     extern C:\MICROC~1\MCC18\SRC\PROC\p18f452.asm
                    PORTE   0x000f84       data     extern C:\MICROC~1\MCC18\SRC\PROC\p18f452.asm
                PORTEbits   0x000f84       data     extern C:\MICROC~1\MCC18\SRC\PROC\p18f452.asm
                 POSTDEC0   0x000fed       data     extern C:\MICROC~1\MCC18\SRC\PROC\p18f452.asm
                 POSTDEC1   0x000fe5       data     extern C:\MICROC~1\MCC18\SRC\PROC\p18f452.asm
                 POSTDEC2   0x000fdd       data     extern C:\MICROC~1\MCC18\SRC\PROC\p18f452.asm
                 POSTINC0   0x000fee       data     extern C:\MICROC~1\MCC18\SRC\PROC\p18f452.asm
                 POSTINC1   0x000fe6       data     extern C:\MICROC~1\MCC18\SRC\PROC\p18f452.asm
                 POSTINC2   0x000fde       data     extern C:\MICROC~1\MCC18\SRC\PROC\p18f452.asm
                      PR2   0x000fcb       data     extern C:\MICROC~1\MCC18\SRC\PROC\p18f452.asm
                  PREINC0   0x000fec       data     extern C:\MICROC~1\MCC18\SRC\PROC\p18f452.asm
                  PREINC1   0x000fe4       data     extern C:\MICROC~1\MCC18\SRC\PROC\p18f452.asm
                  PREINC2   0x000fdc       data     extern C:\MICROC~1\MCC18\SRC\PROC\p18f452.asm
                     PROD   0x000ff3       data     extern C:\MICROC~1\MCC18\SRC\PROC\p18f452.asm
                    PRODH   0x000ff4       data     extern C:\MICROC~1\MCC18\SRC\PROC\p18f452.asm
                    PRODL   0x000ff3       data     extern C:\MICROC~1\MCC18\SRC\PROC\p18f452.asm
                     RCON   0x000fd0       data     extern C:\MICROC~1\MCC18\SRC\PROC\p18f452.asm
                 RCONbits   0x000fd0       data     extern C:\MICROC~1\MCC18\SRC\PROC\p18f452.asm
                    RCREG   0x000fae       data     extern C:\MICROC~1\MCC18\SRC\PROC\p18f452.asm
                    RCSTA   0x000fab       data     extern C:\MICROC~1\MCC18\SRC\PROC\p18f452.asm
                RCSTAbits   0x000fab       data     extern C:\MICROC~1\MCC18\SRC\PROC\p18f452.asm
                    REMB0   0x000017       data     extern C:\MICROC~1\MCC18\SRC\MATH\18CXX\aarg.asm
                    REMB1   0x000016       data     extern C:\MICROC~1\MCC18\SRC\MATH\18CXX\aarg.asm
                    REMB2   0x000015       data     extern C:\MICROC~1\MCC18\SRC\MATH\18CXX\aarg.asm
                    REMB3   0x000014       data     extern C:\MICROC~1\MCC18\SRC\MATH\18CXX\aarg.asm
                     SIGN   0x000022       data     extern C:\MICROC~1\MCC18\SRC\MATH\18CXX\cmath18.asm
                    SPBRG   0x000faf       data     extern C:\MICROC~1\MCC18\SRC\PROC\p18f452.asm
                   SSPADD   0x000fc8       data     extern C:\MICROC~1\MCC18\SRC\PROC\p18f452.asm
                   SSPBUF   0x000fc9       data     extern C:\MICROC~1\MCC18\SRC\PROC\p18f452.asm
                  SSPCON1   0x000fc6       data     extern C:\MICROC~1\MCC18\SRC\PROC\p18f452.asm
              SSPCON1bits   0x000fc6       data     extern C:\MICROC~1\MCC18\SRC\PROC\p18f452.asm
                  SSPCON2   0x000fc5       data     extern C:\MICROC~1\MCC18\SRC\PROC\p18f452.asm
              SSPCON2bits   0x000fc5       data     extern C:\MICROC~1\MCC18\SRC\PROC\p18f452.asm
                  SSPSTAT   0x000fc7       data     extern C:\MICROC~1\MCC18\SRC\PROC\p18f452.asm
              SSPSTATbits   0x000fc7       data     extern C:\MICROC~1\MCC18\SRC\PROC\p18f452.asm
                   STATUS   0x000fd8       data     extern C:\MICROC~1\MCC18\SRC\PROC\p18f452.asm
               STATUSbits   0x000fd8       data     extern C:\MICROC~1\MCC18\SRC\PROC\p18f452.asm
                   STKPTR   0x000ffc       data     extern C:\MICROC~1\MCC18\SRC\PROC\p18f452.asm
               STKPTRbits   0x000ffc       data     extern C:\MICROC~1\MCC18\SRC\PROC\p18f452.asm
                    T0CON   0x000fd5       data     extern C:\MICROC~1\MCC18\SRC\PROC\p18f452.asm
                T0CONbits   0x000fd5       data     extern C:\MICROC~1\MCC18\SRC\PROC\p18f452.asm
                    T1CON   0x000fcd       data     extern C:\MICROC~1\MCC18\SRC\PROC\p18f452.asm
                T1CONbits   0x000fcd       data     extern C:\MICROC~1\MCC18\SRC\PROC\p18f452.asm
                    T2CON   0x000fca       data     extern C:\MICROC~1\MCC18\SRC\PROC\p18f452.asm
                T2CONbits   0x000fca       data     extern C:\MICROC~1\MCC18\SRC\PROC\p18f452.asm
                    T3CON   0x000fb1       data     extern C:\MICROC~1\MCC18\SRC\PROC\p18f452.asm
                T3CONbits   0x000fb1       data     extern C:\MICROC~1\MCC18\SRC\PROC\p18f452.asm
                   TABLAT   0x000ff5       data     extern C:\MICROC~1\MCC18\SRC\PROC\p18f452.asm
                   TBLPTR   0x000ff6       data     extern C:\MICROC~1\MCC18\SRC\PROC\p18f452.asm
                  TBLPTRH   0x000ff7       data     extern C:\MICROC~1\MCC18\SRC\PROC\p18f452.asm
                  TBLPTRL   0x000ff6       data     extern C:\MICROC~1\MCC18\SRC\PROC\p18f452.asm
                  TBLPTRU   0x000ff8       data     extern C:\MICROC~1\MCC18\SRC\PROC\p18f452.asm
                     TMR0   0x000fd6       data     extern C:\MICROC~1\MCC18\SRC\PROC\p18f452.asm
                    TMR0H   0x000fd7       data     extern C:\MICROC~1\MCC18\SRC\PROC\p18f452.asm
                    TMR0L   0x000fd6       data     extern C:\MICROC~1\MCC18\SRC\PROC\p18f452.asm
                     TMR1   0x000fce       data     extern C:\MICROC~1\MCC18\SRC\PROC\p18f452.asm
                    TMR1H   0x000fcf       data     extern C:\MICROC~1\MCC18\SRC\PROC\p18f452.asm
                    TMR1L   0x000fce       data     extern C:\MICROC~1\MCC18\SRC\PROC\p18f452.asm
                     TMR2   0x000fcc       data     extern C:\MICROC~1\MCC18\SRC\PROC\p18f452.asm
                     TMR3   0x000fb2       data     extern C:\MICROC~1\MCC18\SRC\PROC\p18f452.asm
                    TMR3H   0x000fb3       data     extern C:\MICROC~1\MCC18\SRC\PROC\p18f452.asm
                    TMR3L   0x000fb2       data     extern C:\MICROC~1\MCC18\SRC\PROC\p18f452.asm
                      TOS   0x000ffd       data     extern C:\MICROC~1\MCC18\SRC\PROC\p18f452.asm
                     TOSH   0x000ffe       data     extern C:\MICROC~1\MCC18\SRC\PROC\p18f452.asm
                     TOSL   0x000ffd       data     extern C:\MICROC~1\MCC18\SRC\PROC\p18f452.asm
                     TOSU   0x000fff       data     extern C:\MICROC~1\MCC18\SRC\PROC\p18f452.asm
                    TRISA   0x000f92       data     extern C:\MICROC~1\MCC18\SRC\PROC\p18f452.asm
                TRISAbits   0x000f92       data     extern C:\MICROC~1\MCC18\SRC\PROC\p18f452.asm
                    TRISB   0x000f93       data     extern C:\MICROC~1\MCC18\SRC\PROC\p18f452.asm
                TRISBbits   0x000f93       data     extern C:\MICROC~1\MCC18\SRC\PROC\p18f452.asm
                    TRISC   0x000f94       data     extern C:\MICROC~1\MCC18\SRC\PROC\p18f452.asm
                TRISCbits   0x000f94       data     extern C:\MICROC~1\MCC18\SRC\PROC\p18f452.asm
                    TRISD   0x000f95       data     extern C:\MICROC~1\MCC18\SRC\PROC\p18f452.asm
                TRISDbits   0x000f95       data     extern C:\MICROC~1\MCC18\SRC\PROC\p18f452.asm
                    TRISE   0x000f96       data     extern C:\MICROC~1\MCC18\SRC\PROC\p18f452.asm
                TRISEbits   0x000f96       data     extern C:\MICROC~1\MCC18\SRC\PROC\p18f452.asm
                    TXREG   0x000fad       data     extern C:\MICROC~1\MCC18\SRC\PROC\p18f452.asm
                    TXSTA   0x000fac       data     extern C:\MICROC~1\MCC18\SRC\PROC\p18f452.asm
                TXSTAbits   0x000fac       data     extern C:\MICROC~1\MCC18\SRC\PROC\p18f452.asm
              TestTaskStk   0x0002f8       data     extern D:\SOFTWARE\uCOS-II\PIC18\MPLAB-C18\WORK\TEST.C
                        W   0x000fe8       data     extern C:\MICROC~1\MCC18\SRC\PROC\p18f452.asm
                   WDTCON   0x000fd1       data     extern C:\MICROC~1\MCC18\SRC\PROC\p18f452.asm
               WDTCONbits   0x000fd1       data     extern C:\MICROC~1\MCC18\SRC\PROC\p18f452.asm
                     WREG   0x000fe8       data     extern C:\MICROC~1\MCC18\SRC\PROC\p18f452.asm
                  __tmp_0   0x000000       data     static D:\SOFTWARE\uCOS-II\PIC18\MPLAB-C18\WORK\UCOS_II.C
                  __tmp_0   0x000000       data     static D:\SOFTWARE\uCOS-II\PIC18\MPLAB-C18\WORK\OS_CPU_C.C
                  __tmp_0   0x000000       data     static D:\SOFTWARE\uCOS-II\PIC18\MPLAB-C18\WORK\TEST.C
                curr_byte   0x000438       data     static C:\mcc18\src\startup\c018i.c
               curr_entry   0x00043a       data     static C:\mcc18\src\startup\c018i.c
                 data_ptr   0x00043c       data     static C:\mcc18\src\startup\c018i.c
                     prom   0x000435       data     static C:\mcc18\src\startup\c018i.c
             rstr_welcome   0x000424       data     static D:\SOFTWARE\uCOS-II\PIC18\MPLAB-C18\WORK\TEST.C



                              Symbols - Sorted by Address
                     Name    Address   Location    Storage File                     
                ---------  ---------  ---------  --------- ---------                
                   _entry   0x000000    program     extern C:\mcc18\src\startup\c018i.c
       ___return_lbl00000   0x000004    program     static                          
            CPUhighVector   0x000008    program     extern D:\SOFTWARE\uCOS-II\PIC18\MPLAB-C18\WORK\OS_CPU_C.C
       ___return_lbl00024   0x000012    program     static                          
             CPUlowVector   0x000018    program     extern D:\SOFTWARE\uCOS-II\PIC18\MPLAB-C18\WORK\OS_CPU_C.C
       ___return_lbl00025   0x00001c    program     static                          
                   OSInit   0x0000e0    program     extern D:\SOFTWARE\uCOS-II\PIC18\MPLAB-C18\WORK\UCOS_II.C
               OSIntEnter   0x0000f6    program     extern D:\SOFTWARE\uCOS-II\PIC18\MPLAB-C18\WORK\UCOS_II.C
                OSIntExit   0x000120    program     extern D:\SOFTWARE\uCOS-II\PIC18\MPLAB-C18\WORK\UCOS_II.C
              OSSchedLock   0x00022c    program     extern D:\SOFTWARE\uCOS-II\PIC18\MPLAB-C18\WORK\UCOS_II.C
            OSSchedUnlock   0x000286    program     extern D:\SOFTWARE\uCOS-II\PIC18\MPLAB-C18\WORK\UCOS_II.C
                  OSStart   0x0002e4    program     extern D:\SOFTWARE\uCOS-II\PIC18\MPLAB-C18\WORK\UCOS_II.C
               OSStatInit   0x0003c6    program     extern D:\SOFTWARE\uCOS-II\PIC18\MPLAB-C18\WORK\UCOS_II.C
               OSTimeTick   0x000446    program     extern D:\SOFTWARE\uCOS-II\PIC18\MPLAB-C18\WORK\UCOS_II.C
                OSVersion   0x0005d8    program     extern D:\SOFTWARE\uCOS-II\PIC18\MPLAB-C18\WORK\UCOS_II.C
         OS_InitEventList   0x0005ea    program     static D:\SOFTWARE\uCOS-II\PIC18\MPLAB-C18\WORK\UCOS_II.C
              OS_InitMisc   0x0005ec    program     static D:\SOFTWARE\uCOS-II\PIC18\MPLAB-C18\WORK\UCOS_II.C
           OS_InitRdyList   0x000634    program     static D:\SOFTWARE\uCOS-II\PIC18\MPLAB-C18\WORK\UCOS_II.C
          OS_InitTaskIdle   0x0006dc    program     static D:\SOFTWARE\uCOS-II\PIC18\MPLAB-C18\WORK\UCOS_II.C
          OS_InitTaskStat   0x000732    program     static D:\SOFTWARE\uCOS-II\PIC18\MPLAB-C18\WORK\UCOS_II.C
           OS_InitTCBList   0x00078a    program     static D:\SOFTWARE\uCOS-II\PIC18\MPLAB-C18\WORK\UCOS_II.C
                 OS_Sched   0x0008c6    program     extern D:\SOFTWARE\uCOS-II\PIC18\MPLAB-C18\WORK\UCOS_II.C
              OS_TaskIdle   0x0009c6    program     extern D:\SOFTWARE\uCOS-II\PIC18\MPLAB-C18\WORK\UCOS_II.C
              OS_TaskStat   0x000a22    program     extern D:\SOFTWARE\uCOS-II\PIC18\MPLAB-C18\WORK\UCOS_II.C
               OS_TCBInit   0x000bec    program     extern D:\SOFTWARE\uCOS-II\PIC18\MPLAB-C18\WORK\UCOS_II.C
         OSTaskChangePrio   0x000f92    program     extern D:\SOFTWARE\uCOS-II\PIC18\MPLAB-C18\WORK\UCOS_II.C
             OSTaskCreate   0x0012fc    program     extern D:\SOFTWARE\uCOS-II\PIC18\MPLAB-C18\WORK\UCOS_II.C
          OSTaskCreateExt   0x00149e    program     extern D:\SOFTWARE\uCOS-II\PIC18\MPLAB-C18\WORK\UCOS_II.C
             OSTaskResume   0x0016b0    program     extern D:\SOFTWARE\uCOS-II\PIC18\MPLAB-C18\WORK\UCOS_II.C
             OSTaskStkChk   0x00180c    program     extern D:\SOFTWARE\uCOS-II\PIC18\MPLAB-C18\WORK\UCOS_II.C
            OSTaskSuspend   0x001a48    program     extern D:\SOFTWARE\uCOS-II\PIC18\MPLAB-C18\WORK\UCOS_II.C
                OSTimeDly   0x001bdc    program     extern D:\SOFTWARE\uCOS-II\PIC18\MPLAB-C18\WORK\UCOS_II.C
            OSTimeDlyHMSM   0x001c86    program     extern D:\SOFTWARE\uCOS-II\PIC18\MPLAB-C18\WORK\UCOS_II.C
          OSTimeDlyResume   0x001f32    program     extern D:\SOFTWARE\uCOS-II\PIC18\MPLAB-C18\WORK\UCOS_II.C
                OSTimeGet   0x00208a    program     extern D:\SOFTWARE\uCOS-II\PIC18\MPLAB-C18\WORK\UCOS_II.C
                OSTimeSet   0x00210c    program     extern D:\SOFTWARE\uCOS-II\PIC18\MPLAB-C18\WORK\UCOS_II.C
            OSTaskStkInit   0x002156    program     extern D:\SOFTWARE\uCOS-II\PIC18\MPLAB-C18\WORK\OS_CPU_C.C
         OSTaskCreateHook   0x00236a    program     extern D:\SOFTWARE\uCOS-II\PIC18\MPLAB-C18\WORK\OS_CPU_C.C
            OSTaskDelHook   0x002386    program     extern D:\SOFTWARE\uCOS-II\PIC18\MPLAB-C18\WORK\OS_CPU_C.C
             OSTaskSwHook   0x0023a2    program     extern D:\SOFTWARE\uCOS-II\PIC18\MPLAB-C18\WORK\OS_CPU_C.C
       ___return_lbl00003   0x0023a4    program     static                          
           OSTaskStatHook   0x0023a6    program     extern D:\SOFTWARE\uCOS-II\PIC18\MPLAB-C18\WORK\OS_CPU_C.C
           OSTimeTickHook   0x0023a8    program     extern D:\SOFTWARE\uCOS-II\PIC18\MPLAB-C18\WORK\OS_CPU_C.C
            OSTCBInitHook   0x0023aa    program     extern D:\SOFTWARE\uCOS-II\PIC18\MPLAB-C18\WORK\OS_CPU_C.C
           OSTaskIdleHook   0x0023c6    program     extern D:\SOFTWARE\uCOS-II\PIC18\MPLAB-C18\WORK\OS_CPU_C.C
          OSInitHookBegin   0x0023c8    program     extern D:\SOFTWARE\uCOS-II\PIC18\MPLAB-C18\WORK\OS_CPU_C.C
            OSInitHookEnd   0x0023ca    program     extern D:\SOFTWARE\uCOS-II\PIC18\MPLAB-C18\WORK\OS_CPU_C.C
           OSStartHighRdy   0x0023cc    program     extern D:\SOFTWARE\uCOS-II\PIC18\MPLAB-C18\WORK\OS_CPU_C.C
        ___while_lbl00011   0x0023e4    program     static                          
        ___while_lbl00012   0x0023ee    program     static                          
           ___if_lbl00013   0x0023f4    program     static                          
           ___do_lbl00016   0x0023fa    program     static                          
           ___do_lbl00014   0x002408    program     static                          
           ___do_lbl00015   0x00240c    program     static                          
       ___return_lbl00010   0x00244e    program     static                          
                  OSCtxSw   0x002450    program     extern D:\SOFTWARE\uCOS-II\PIC18\MPLAB-C18\WORK\OS_CPU_C.C
        ___while_lbl00018   0x00249a    program     static                          
        ___while_lbl00019   0x0024b2    program     static                          
           ___if_lbl00020   0x0024bc    program     static                          
           ___do_lbl00023   0x0024f0    program     static                          
           ___do_lbl00021   0x0024fe    program     static                          
           ___do_lbl00022   0x002502    program     static                          
       ___return_lbl00017   0x002544    program     static                          
          CPUlowInterrupt   0x002546    program     extern D:\SOFTWARE\uCOS-II\PIC18\MPLAB-C18\WORK\OS_CPU_C.C
       ___return_lbl00026   0x0025d6    program     static                          
               OSIntCtxSw   0x0025d8    program     extern D:\SOFTWARE\uCOS-II\PIC18\MPLAB-C18\WORK\OS_CPU_C.C
        ___while_lbl00028   0x0025e4    program     static                          
        ___while_lbl00029   0x0025fc    program     static                          
           ___if_lbl00030   0x002606    program     static                          
        ___while_lbl00031   0x002634    program     static                          
        ___while_lbl00032   0x00263e    program     static                          
           ___if_lbl00033   0x002644    program     static                          
           ___do_lbl00036   0x00264a    program     static                          
           ___do_lbl00034   0x002658    program     static                          
           ___do_lbl00035   0x00265c    program     static                          
       ___return_lbl00027   0x00269e    program     static                          
            DelayFor18TCY   0x0026a0    program     extern D:\SOFTWARE\uCOS-II\PIC18\MPLAB-C18\WORK\TEST.C
             DelayPORXLCD   0x0026ac    program     extern D:\SOFTWARE\uCOS-II\PIC18\MPLAB-C18\WORK\TEST.C
                DelayXLCD   0x0026b8    program     extern D:\SOFTWARE\uCOS-II\PIC18\MPLAB-C18\WORK\TEST.C
                  LCDTask   0x0026c4    program     extern D:\SOFTWARE\uCOS-II\PIC18\MPLAB-C18\WORK\TEST.C
                 TestTask   0x00285a    program     extern D:\SOFTWARE\uCOS-II\PIC18\MPLAB-C18\WORK\TEST.C
                     main   0x002910    program     extern D:\SOFTWARE\uCOS-II\PIC18\MPLAB-C18\WORK\TEST.C
                     btoa   0x002978    program     extern C:\MICROC~1\MCC18\SRC\STDLIB\18CXX\btoa.asm
                jTstSign1   0x00299c    program     static C:\MICROC~1\MCC18\SRC\STDLIB\18CXX\btoa.asm
                     jDo3   0x0029d2    program     static C:\MICROC~1\MCC18\SRC\STDLIB\18CXX\btoa.asm
                     jDo2   0x0029d6    program     static C:\MICROC~1\MCC18\SRC\STDLIB\18CXX\btoa.asm
                     jDo1   0x0029da    program     static C:\MICROC~1\MCC18\SRC\STDLIB\18CXX\btoa.asm
                 TstUpper   0x002a0e    program     static C:\MICROC~1\MCC18\SRC\STDLIB\18CXX\btoa.asm
                 TstLower   0x002a14    program     static C:\MICROC~1\MCC18\SRC\STDLIB\18CXX\btoa.asm
                jTstLowZ1   0x002a1e    program     static C:\MICROC~1\MCC18\SRC\STDLIB\18CXX\btoa.asm
                ProcUpper   0x002a20    program     static C:\MICROC~1\MCC18\SRC\STDLIB\18CXX\btoa.asm
                ProcLower   0x002a2a    program     static C:\MICROC~1\MCC18\SRC\STDLIB\18CXX\btoa.asm
                   btoBCD   0x002a34    program     extern C:\MICROC~1\MCC18\SRC\STDLIB\18CXX\btobcd.asm
                    jLoop   0x002a4a    program     static C:\MICROC~1\MCC18\SRC\STDLIB\18CXX\btobcd.asm
                     jEnd   0x002a64    program     static C:\MICROC~1\MCC18\SRC\STDLIB\18CXX\btobcd.asm
                  OneByte   0x002a68    program     static C:\MICROC~1\MCC18\SRC\STDLIB\18CXX\btobcd.asm
                    ultoa   0x002a7a    program     extern C:\MICROC~1\MCC18\SRC\STDLIB\18CXX\ultoa.asm
                    jDo10   0x002b06    program     static C:\MICROC~1\MCC18\SRC\STDLIB\18CXX\ultoa.asm
                     jDo9   0x002b0a    program     static C:\MICROC~1\MCC18\SRC\STDLIB\18CXX\ultoa.asm
                     jDo8   0x002b0e    program     static C:\MICROC~1\MCC18\SRC\STDLIB\18CXX\ultoa.asm
                     jDo7   0x002b12    program     static C:\MICROC~1\MCC18\SRC\STDLIB\18CXX\ultoa.asm
                     jDo6   0x002b16    program     static C:\MICROC~1\MCC18\SRC\STDLIB\18CXX\ultoa.asm
                     jDo5   0x002b1a    program     static C:\MICROC~1\MCC18\SRC\STDLIB\18CXX\ultoa.asm
                     jDo4   0x002b1e    program     static C:\MICROC~1\MCC18\SRC\STDLIB\18CXX\ultoa.asm
                     jDo3   0x002b22    program     static C:\MICROC~1\MCC18\SRC\STDLIB\18CXX\ultoa.asm
                     jDo2   0x002b26    program     static C:\MICROC~1\MCC18\SRC\STDLIB\18CXX\ultoa.asm
                     jDo1   0x002b2a    program     static C:\MICROC~1\MCC18\SRC\STDLIB\18CXX\ultoa.asm
                 TstUpper   0x002b5e    program     static C:\MICROC~1\MCC18\SRC\STDLIB\18CXX\ultoa.asm
                 TstLower   0x002b64    program     static C:\MICROC~1\MCC18\SRC\STDLIB\18CXX\ultoa.asm
                jTstLowZ1   0x002b6e    program     static C:\MICROC~1\MCC18\SRC\STDLIB\18CXX\ultoa.asm
                ProcUpper   0x002b70    program     static C:\MICROC~1\MCC18\SRC\STDLIB\18CXX\ultoa.asm
                ProcLower   0x002b7a    program     static C:\MICROC~1\MCC18\SRC\STDLIB\18CXX\ultoa.asm
                   ltoBCD   0x002b84    program     extern C:\MICROC~1\MCC18\SRC\STDLIB\18CXX\ltobcd.asm
                    jLoop   0x002ba0    program     static C:\MICROC~1\MCC18\SRC\STDLIB\18CXX\ltobcd.asm
                     jEnd   0x002bde    program     static C:\MICROC~1\MCC18\SRC\STDLIB\18CXX\ltobcd.asm
                  OneByte   0x002be2    program     static C:\MICROC~1\MCC18\SRC\STDLIB\18CXX\ltobcd.asm
                 OSMapTbl   0x002bf4    program     extern D:\SOFTWARE\uCOS-II\PIC18\MPLAB-C18\WORK\UCOS_II.C
               OSUnMapTbl   0x002bfc    program     extern D:\SOFTWARE\uCOS-II\PIC18\MPLAB-C18\WORK\UCOS_II.C
                 OpenXLCD   0x002cfc    program     extern C:\MICROC~1\mcc18\src\pmc\XLCD\18Cxx\openxlcd.c
                   __pa_0   0x002d86    program     static C:\MICROC~1\mcc18\src\pmc\XLCD\18Cxx\openxlcd.c
                   __pa_1   0x002d9c    program     static C:\MICROC~1\mcc18\src\pmc\XLCD\18Cxx\openxlcd.c
                   __pa_2   0x002da6    program     static C:\MICROC~1\mcc18\src\pmc\XLCD\18Cxx\openxlcd.c
                _do_cinit   0x002dae    program     extern C:\mcc18\src\startup\c018i.c
                     test   0x002dc8    program     static                          
                copy_loop   0x002e20    program     static                          
            copy_one_byte   0x002e26    program     static                          
             done_copying   0x002e34    program     static                          
                     done   0x002e4a    program     static                          
       ___return_lbl00002   0x002e4a    program     static                          
                  FXM3232   0x002e4c    program     extern C:\MicroChip\mcc18\src\math\18Cxx\fxm3232.c
       ___return_lbl00000   0x002eba    program     static                          
             SetDDRamAddr   0x002ebc    program     extern C:\MICROC~1\mcc18\src\pmc\XLCD\18Cxx\setddram.c
                   __pa_0   0x002f04    program     static C:\MICROC~1\mcc18\src\pmc\XLCD\18Cxx\setddram.c
            WriteDataXLCD   0x002f12    program     extern C:\MICROC~1\mcc18\src\pmc\XLCD\18Cxx\writdata.c
                   __pa_0   0x002f56    program     static C:\MICROC~1\mcc18\src\pmc\XLCD\18Cxx\writdata.c
             WriteCmdXLCD   0x002f64    program     extern C:\MICROC~1\mcc18\src\pmc\XLCD\18Cxx\wcmdxlcd.c
                   __pa_0   0x002fa8    program     static C:\MICROC~1\mcc18\src\pmc\XLCD\18Cxx\wcmdxlcd.c
                   memset   0x002fb6    program     extern C:\MICROC~1\MCC18\SRC\STRING\18CXX\memset.asm
                    jLoop   0x002fca    program     static C:\MICROC~1\MCC18\SRC\STRING\18CXX\memset.asm
              _2jContinue   0x002fd6    program     static C:\MICROC~1\MCC18\SRC\STRING\18CXX\memset.asm
                   _3jEnd   0x002fe0    program     static C:\MICROC~1\MCC18\SRC\STRING\18CXX\memset.asm
                     jEnd   0x002fe8    program     static C:\MICROC~1\MCC18\SRC\STRING\18CXX\memset.asm
                   strlen   0x002fea    program     extern C:\MICROC~1\MCC18\SRC\STRING\18CXX\strlen.asm
                    jLoop   0x002ffa    program     static C:\MICROC~1\MCC18\SRC\STRING\18CXX\strlen.asm
                     jEnd   0x003004    program     static C:\MICROC~1\MCC18\SRC\STRING\18CXX\strlen.asm
                 putsXLCD   0x003006    program     extern C:\MICROC~1\mcc18\src\pmc\XLCD\18Cxx\putsxlcd.c
                   __pa_0   0x003044    program     static C:\MICROC~1\mcc18\src\pmc\XLCD\18Cxx\putsxlcd.c
                 FXD3232U   0x003054    program     extern C:\MicroChip\mcc18\src\math\18Cxx\fxd3232u.c
                     loop   0x003062    program     static                          
                   _false   0x003096    program     static                          
       ___return_lbl00000   0x00309a    program     static                          
              WriteTimer0   0x00309c    program     extern C:\MICROC~1\mcc18\src\pmc\Timers\18Cxx\t0write.c
               OpenTimer0   0x0030d4    program     extern C:\MICROC~1\mcc18\src\pmc\Timers\18Cxx\t0open.c
                 BusyXLCD   0x00310c    program     extern C:\MICROC~1\mcc18\src\pmc\XLCD\18Cxx\busyxlcd.c
                   __pa_0   0x003126    program     static C:\MICROC~1\mcc18\src\pmc\XLCD\18Cxx\busyxlcd.c
              Delay1KTCYx   0x003138    program     extern C:\MICROC~1\MCC18\SRC\DELAYS\18CXX\d1ktcyx.asm
                     D1Kx   0x003142    program     static C:\MICROC~1\MCC18\SRC\DELAYS\18CXX\d1ktcyx.asm
                    D1K_1   0x003144    program     static C:\MICROC~1\MCC18\SRC\DELAYS\18CXX\d1ktcyx.asm
        _D1KTCYXCODE_0010   0x003148    program     static C:\MICROC~1\MCC18\SRC\DELAYS\18CXX\d1ktcyx.asm
        _D1KTCYXCODE_0016   0x00314e    program     static C:\MICROC~1\MCC18\SRC\DELAYS\18CXX\d1ktcyx.asm
                 _startup   0x003158    program     extern C:\mcc18\src\startup\c018i.c
                     loop   0x00316c    program     static                          
       ___return_lbl00001   0x003172    program     static                          
      CPUlowInterruptHook   0x003174    program     extern D:\SOFTWARE\uCOS-II\PIC18\MPLAB-C18\WORK\VECTORS.C
     CPUhighInterruptHook   0x003188    program     extern D:\SOFTWARE\uCOS-II\PIC18\MPLAB-C18\WORK\VECTORS.C
              Delay10TCYx   0x00318e    program     extern C:\MICROC~1\MCC18\SRC\DELAYS\18CXX\d10tcyx.asm
                     D10x   0x003196    program     static C:\MICROC~1\MCC18\SRC\DELAYS\18CXX\d10tcyx.asm
        _D10TCYXCODE_000A   0x003198    program     static C:\MICROC~1\MCC18\SRC\DELAYS\18CXX\d10tcyx.asm
        _D10TCYXCODE_000C   0x00319a    program     static C:\MICROC~1\MCC18\SRC\DELAYS\18CXX\d10tcyx.asm
        _D10TCYXCODE_000E   0x00319c    program     static C:\MICROC~1\MCC18\SRC\DELAYS\18CXX\d10tcyx.asm
                    D10_1   0x00319e    program     static C:\MICROC~1\MCC18\SRC\DELAYS\18CXX\d10tcyx.asm
                  __tmp_0   0x000000       data     static D:\SOFTWARE\uCOS-II\PIC18\MPLAB-C18\WORK\TEST.C
                  __tmp_0   0x000000       data     static D:\SOFTWARE\uCOS-II\PIC18\MPLAB-C18\WORK\OS_CPU_C.C
                  __tmp_0   0x000000       data     static D:\SOFTWARE\uCOS-II\PIC18\MPLAB-C18\WORK\UCOS_II.C
                   AARGB7   0x000014       data     extern C:\MICROC~1\MCC18\SRC\MATH\18CXX\aarg.asm
                    REMB3   0x000014       data     extern C:\MICROC~1\MCC18\SRC\MATH\18CXX\aarg.asm
                   AARGB6   0x000015       data     extern C:\MICROC~1\MCC18\SRC\MATH\18CXX\aarg.asm
                    REMB2   0x000015       data     extern C:\MICROC~1\MCC18\SRC\MATH\18CXX\aarg.asm
                   AARGB5   0x000016       data     extern C:\MICROC~1\MCC18\SRC\MATH\18CXX\aarg.asm
                    REMB1   0x000016       data     extern C:\MICROC~1\MCC18\SRC\MATH\18CXX\aarg.asm
                   AARGB4   0x000017       data     extern C:\MICROC~1\MCC18\SRC\MATH\18CXX\aarg.asm
                    REMB0   0x000017       data     extern C:\MICROC~1\MCC18\SRC\MATH\18CXX\aarg.asm
                   AARGB3   0x000018       data     extern C:\MICROC~1\MCC18\SRC\MATH\18CXX\aarg.asm
                   AARGB2   0x000019       data     extern C:\MICROC~1\MCC18\SRC\MATH\18CXX\aarg.asm
                   AARGB1   0x00001a       data     extern C:\MICROC~1\MCC18\SRC\MATH\18CXX\aarg.asm
                   AARGB0   0x00001b       data     extern C:\MICROC~1\MCC18\SRC\MATH\18CXX\aarg.asm
                     AEXP   0x00001c       data     extern C:\MICROC~1\MCC18\SRC\MATH\18CXX\aarg.asm
                   BARGB3   0x00001d       data     extern C:\MICROC~1\MCC18\SRC\MATH\18CXX\barg.asm
                   BARGB2   0x00001e       data     extern C:\MICROC~1\MCC18\SRC\MATH\18CXX\barg.asm
                   BARGB1   0x00001f       data     extern C:\MICROC~1\MCC18\SRC\MATH\18CXX\barg.asm
                   BARGB0   0x000020       data     extern C:\MICROC~1\MCC18\SRC\MATH\18CXX\barg.asm
                     BEXP   0x000021       data     extern C:\MICROC~1\MCC18\SRC\MATH\18CXX\barg.asm
                     SIGN   0x000022       data     extern C:\MICROC~1\MCC18\SRC\MATH\18CXX\cmath18.asm
                  FPFLAGS   0x000023       data     extern C:\MICROC~1\MCC18\SRC\MATH\18CXX\cmath18.asm
            DelayCounter1   0x000024       data     extern C:\MICROC~1\MCC18\SRC\DELAYS\18CXX\delayd1.asm
               OSCtxSwCtr   0x0000b0       data     extern D:\SOFTWARE\uCOS-II\PIC18\MPLAB-C18\WORK\UCOS_II.C
               OSCPUUsage   0x0000b4       data     extern D:\SOFTWARE\uCOS-II\PIC18\MPLAB-C18\WORK\UCOS_II.C
             OSIdleCtrMax   0x0000b5       data     extern D:\SOFTWARE\uCOS-II\PIC18\MPLAB-C18\WORK\UCOS_II.C
             OSIdleCtrRun   0x0000b9       data     extern D:\SOFTWARE\uCOS-II\PIC18\MPLAB-C18\WORK\UCOS_II.C
                OSStatRdy   0x0000bd       data     extern D:\SOFTWARE\uCOS-II\PIC18\MPLAB-C18\WORK\UCOS_II.C
            OSTaskStatStk   0x0000be       data     extern D:\SOFTWARE\uCOS-II\PIC18\MPLAB-C18\WORK\UCOS_II.C
             OSIntNesting   0x000122       data     extern D:\SOFTWARE\uCOS-II\PIC18\MPLAB-C18\WORK\UCOS_II.C
               OSIntExitY   0x000123       data     extern D:\SOFTWARE\uCOS-II\PIC18\MPLAB-C18\WORK\UCOS_II.C
            OSLockNesting   0x000124       data     extern D:\SOFTWARE\uCOS-II\PIC18\MPLAB-C18\WORK\UCOS_II.C
                OSPrioCur   0x000125       data     extern D:\SOFTWARE\uCOS-II\PIC18\MPLAB-C18\WORK\UCOS_II.C
            OSPrioHighRdy   0x000126       data     extern D:\SOFTWARE\uCOS-II\PIC18\MPLAB-C18\WORK\UCOS_II.C
                 OSRdyGrp   0x000127       data     extern D:\SOFTWARE\uCOS-II\PIC18\MPLAB-C18\WORK\UCOS_II.C
                 OSRdyTbl   0x000128       data     extern D:\SOFTWARE\uCOS-II\PIC18\MPLAB-C18\WORK\UCOS_II.C
                OSRunning   0x00012a       data     extern D:\SOFTWARE\uCOS-II\PIC18\MPLAB-C18\WORK\UCOS_II.C
                OSTaskCtr   0x00012b       data     extern D:\SOFTWARE\uCOS-II\PIC18\MPLAB-C18\WORK\UCOS_II.C
                OSIdleCtr   0x00012c       data     extern D:\SOFTWARE\uCOS-II\PIC18\MPLAB-C18\WORK\UCOS_II.C
            OSTaskIdleStk   0x000130       data     extern D:\SOFTWARE\uCOS-II\PIC18\MPLAB-C18\WORK\UCOS_II.C
                 OSTCBCur   0x000194       data     extern D:\SOFTWARE\uCOS-II\PIC18\MPLAB-C18\WORK\UCOS_II.C
            OSTCBFreeList   0x000196       data     extern D:\SOFTWARE\uCOS-II\PIC18\MPLAB-C18\WORK\UCOS_II.C
             OSTCBHighRdy   0x000198       data     extern D:\SOFTWARE\uCOS-II\PIC18\MPLAB-C18\WORK\UCOS_II.C
                OSTCBList   0x00019a       data     extern D:\SOFTWARE\uCOS-II\PIC18\MPLAB-C18\WORK\UCOS_II.C
             OSTCBPrioTbl   0x00019c       data     extern D:\SOFTWARE\uCOS-II\PIC18\MPLAB-C18\WORK\UCOS_II.C
                 OSTCBTbl   0x0001bc       data     extern D:\SOFTWARE\uCOS-II\PIC18\MPLAB-C18\WORK\UCOS_II.C
                   OSTime   0x0002f4       data     extern D:\SOFTWARE\uCOS-II\PIC18\MPLAB-C18\WORK\UCOS_II.C
              TestTaskStk   0x0002f8       data     extern D:\SOFTWARE\uCOS-II\PIC18\MPLAB-C18\WORK\TEST.C
               LCDTaskStk   0x00035c       data     extern D:\SOFTWARE\uCOS-II\PIC18\MPLAB-C18\WORK\TEST.C
             rstr_welcome   0x000424       data     static D:\SOFTWARE\uCOS-II\PIC18\MPLAB-C18\WORK\TEST.C
                     prom   0x000435       data     static C:\mcc18\src\startup\c018i.c
                curr_byte   0x000438       data     static C:\mcc18\src\startup\c018i.c
               curr_entry   0x00043a       data     static C:\mcc18\src\startup\c018i.c
                 data_ptr   0x00043c       data     static C:\mcc18\src\startup\c018i.c
                    PORTA   0x000f80       data     extern C:\MICROC~1\MCC18\SRC\PROC\p18f452.asm
                PORTAbits   0x000f80       data     extern C:\MICROC~1\MCC18\SRC\PROC\p18f452.asm
                PORTBbits   0x000f81       data     extern C:\MICROC~1\MCC18\SRC\PROC\p18f452.asm
                    PORTB   0x000f81       data     extern C:\MICROC~1\MCC18\SRC\PROC\p18f452.asm
                    PORTC   0x000f82       data     extern C:\MICROC~1\MCC18\SRC\PROC\p18f452.asm
                PORTCbits   0x000f82       data     extern C:\MICROC~1\MCC18\SRC\PROC\p18f452.asm
                PORTDbits   0x000f83       data     extern C:\MICROC~1\MCC18\SRC\PROC\p18f452.asm
                    PORTD   0x000f83       data     extern C:\MICROC~1\MCC18\SRC\PROC\p18f452.asm
                PORTEbits   0x000f84       data     extern C:\MICROC~1\MCC18\SRC\PROC\p18f452.asm
                    PORTE   0x000f84       data     extern C:\MICROC~1\MCC18\SRC\PROC\p18f452.asm
                 LATAbits   0x000f89       data     extern C:\MICROC~1\MCC18\SRC\PROC\p18f452.asm
                     LATA   0x000f89       data     extern C:\MICROC~1\MCC18\SRC\PROC\p18f452.asm
                 LATBbits   0x000f8a       data     extern C:\MICROC~1\MCC18\SRC\PROC\p18f452.asm
                     LATB   0x000f8a       data     extern C:\MICROC~1\MCC18\SRC\PROC\p18f452.asm
                 LATCbits   0x000f8b       data     extern C:\MICROC~1\MCC18\SRC\PROC\p18f452.asm
                     LATC   0x000f8b       data     extern C:\MICROC~1\MCC18\SRC\PROC\p18f452.asm
                 LATDbits   0x000f8c       data     extern C:\MICROC~1\MCC18\SRC\PROC\p18f452.asm
                     LATD   0x000f8c       data     extern C:\MICROC~1\MCC18\SRC\PROC\p18f452.asm
                 LATEbits   0x000f8d       data     extern C:\MICROC~1\MCC18\SRC\PROC\p18f452.asm
                     LATE   0x000f8d       data     extern C:\MICROC~1\MCC18\SRC\PROC\p18f452.asm
                     DDRA   0x000f92       data     extern C:\MICROC~1\MCC18\SRC\PROC\p18f452.asm
                 DDRAbits   0x000f92       data     extern C:\MICROC~1\MCC18\SRC\PROC\p18f452.asm
                TRISAbits   0x000f92       data     extern C:\MICROC~1\MCC18\SRC\PROC\p18f452.asm
                    TRISA   0x000f92       data     extern C:\MICROC~1\MCC18\SRC\PROC\p18f452.asm
                TRISBbits   0x000f93       data     extern C:\MICROC~1\MCC18\SRC\PROC\p18f452.asm
                    TRISB   0x000f93       data     extern C:\MICROC~1\MCC18\SRC\PROC\p18f452.asm
                     DDRB   0x000f93       data     extern C:\MICROC~1\MCC18\SRC\PROC\p18f452.asm
                 DDRBbits   0x000f93       data     extern C:\MICROC~1\MCC18\SRC\PROC\p18f452.asm
                 DDRCbits   0x000f94       data     extern C:\MICROC~1\MCC18\SRC\PROC\p18f452.asm
                    TRISC   0x000f94       data     extern C:\MICROC~1\MCC18\SRC\PROC\p18f452.asm
                TRISCbits   0x000f94       data     extern C:\MICROC~1\MCC18\SRC\PROC\p18f452.asm
                     DDRC   0x000f94       data     extern C:\MICROC~1\MCC18\SRC\PROC\p18f452.asm
                     DDRD   0x000f95       data     extern C:\MICROC~1\MCC18\SRC\PROC\p18f452.asm
                    TRISD   0x000f95       data     extern C:\MICROC~1\MCC18\SRC\PROC\p18f452.asm
                TRISDbits   0x000f95       data     extern C:\MICROC~1\MCC18\SRC\PROC\p18f452.asm
                 DDRDbits   0x000f95       data     extern C:\MICROC~1\MCC18\SRC\PROC\p18f452.asm
                TRISEbits   0x000f96       data     extern C:\MICROC~1\MCC18\SRC\PROC\p18f452.asm
                 DDREbits   0x000f96       data     extern C:\MICROC~1\MCC18\SRC\PROC\p18f452.asm
                     DDRE   0x000f96       data     extern C:\MICROC~1\MCC18\SRC\PROC\p18f452.asm
                    TRISE   0x000f96       data     extern C:\MICROC~1\MCC18\SRC\PROC\p18f452.asm
                     DDRF   0x000f97       data     extern C:\MICROC~1\MCC18\SRC\PROC\p18f452.asm
                 DDRFbits   0x000f97       data     extern C:\MICROC~1\MCC18\SRC\PROC\p18f452.asm
                 DDRGbits   0x000f98       data     extern C:\MICROC~1\MCC18\SRC\PROC\p18f452.asm
                     DDRG   0x000f98       data     extern C:\MICROC~1\MCC18\SRC\PROC\p18f452.asm
                 DDRHbits   0x000f99       data     extern C:\MICROC~1\MCC18\SRC\PROC\p18f452.asm
                     DDRH   0x000f99       data     extern C:\MICROC~1\MCC18\SRC\PROC\p18f452.asm
                 DDRJbits   0x000f9a       data     extern C:\MICROC~1\MCC18\SRC\PROC\p18f452.asm
                     DDRJ   0x000f9a       data     extern C:\MICROC~1\MCC18\SRC\PROC\p18f452.asm
                 PIE1bits   0x000f9d       data     extern C:\MICROC~1\MCC18\SRC\PROC\p18f452.asm
                     PIE1   0x000f9d       data     extern C:\MICROC~1\MCC18\SRC\PROC\p18f452.asm
                     PIR1   0x000f9e       data     extern C:\MICROC~1\MCC18\SRC\PROC\p18f452.asm
                 PIR1bits   0x000f9e       data     extern C:\MICROC~1\MCC18\SRC\PROC\p18f452.asm
                 IPR1bits   0x000f9f       data     extern C:\MICROC~1\MCC18\SRC\PROC\p18f452.asm
                     IPR1   0x000f9f       data     extern C:\MICROC~1\MCC18\SRC\PROC\p18f452.asm
                     PIE2   0x000fa0       data     extern C:\MICROC~1\MCC18\SRC\PROC\p18f452.asm
                 PIE2bits   0x000fa0       data     extern C:\MICROC~1\MCC18\SRC\PROC\p18f452.asm
                 PIR2bits   0x000fa1       data     extern C:\MICROC~1\MCC18\SRC\PROC\p18f452.asm
                     PIR2   0x000fa1       data     extern C:\MICROC~1\MCC18\SRC\PROC\p18f452.asm
                 IPR2bits   0x000fa2       data     extern C:\MICROC~1\MCC18\SRC\PROC\p18f452.asm
                     IPR2   0x000fa2       data     extern C:\MICROC~1\MCC18\SRC\PROC\p18f452.asm
                   EECON1   0x000fa6       data     extern C:\MICROC~1\MCC18\SRC\PROC\p18f452.asm
               EECON1bits   0x000fa6       data     extern C:\MICROC~1\MCC18\SRC\PROC\p18f452.asm
                   EECON2   0x000fa7       data     extern C:\MICROC~1\MCC18\SRC\PROC\p18f452.asm
                   EEDATA   0x000fa8       data     extern C:\MICROC~1\MCC18\SRC\PROC\p18f452.asm
                    EEADR   0x000fa9       data     extern C:\MICROC~1\MCC18\SRC\PROC\p18f452.asm
                    RCSTA   0x000fab       data     extern C:\MICROC~1\MCC18\SRC\PROC\p18f452.asm
                RCSTAbits   0x000fab       data     extern C:\MICROC~1\MCC18\SRC\PROC\p18f452.asm
                    TXSTA   0x000fac       data     extern C:\MICROC~1\MCC18\SRC\PROC\p18f452.asm
                TXSTAbits   0x000fac       data     extern C:\MICROC~1\MCC18\SRC\PROC\p18f452.asm
                    TXREG   0x000fad       data     extern C:\MICROC~1\MCC18\SRC\PROC\p18f452.asm
                    RCREG   0x000fae       data     extern C:\MICROC~1\MCC18\SRC\PROC\p18f452.asm
                    SPBRG   0x000faf       data     extern C:\MICROC~1\MCC18\SRC\PROC\p18f452.asm
                    T3CON   0x000fb1       data     extern C:\MICROC~1\MCC18\SRC\PROC\p18f452.asm
                T3CONbits   0x000fb1       data     extern C:\MICROC~1\MCC18\SRC\PROC\p18f452.asm
                     TMR3   0x000fb2       data     extern C:\MICROC~1\MCC18\SRC\PROC\p18f452.asm
                    TMR3L   0x000fb2       data     extern C:\MICROC~1\MCC18\SRC\PROC\p18f452.asm
                    TMR3H   0x000fb3       data     extern C:\MICROC~1\MCC18\SRC\PROC\p18f452.asm
                  CCP2CON   0x000fba       data     extern C:\MICROC~1\MCC18\SRC\PROC\p18f452.asm
              CCP2CONbits   0x000fba       data     extern C:\MICROC~1\MCC18\SRC\PROC\p18f452.asm
                    CCPR2   0x000fbb       data     extern C:\MICROC~1\MCC18\SRC\PROC\p18f452.asm
                   CCPR2L   0x000fbb       data     extern C:\MICROC~1\MCC18\SRC\PROC\p18f452.asm
                   CCPR2H   0x000fbc       data     extern C:\MICROC~1\MCC18\SRC\PROC\p18f452.asm
                  CCP1CON   0x000fbd       data     extern C:\MICROC~1\MCC18\SRC\PROC\p18f452.asm
              CCP1CONbits   0x000fbd       data     extern C:\MICROC~1\MCC18\SRC\PROC\p18f452.asm
                   CCPR1L   0x000fbe       data     extern C:\MICROC~1\MCC18\SRC\PROC\p18f452.asm
                    CCPR1   0x000fbe       data     extern C:\MICROC~1\MCC18\SRC\PROC\p18f452.asm
                   CCPR1H   0x000fbf       data     extern C:\MICROC~1\MCC18\SRC\PROC\p18f452.asm
                   ADCON1   0x000fc1       data     extern C:\MICROC~1\MCC18\SRC\PROC\p18f452.asm
               ADCON1bits   0x000fc1       data     extern C:\MICROC~1\MCC18\SRC\PROC\p18f452.asm
                   ADCON0   0x000fc2       data     extern C:\MICROC~1\MCC18\SRC\PROC\p18f452.asm
               ADCON0bits   0x000fc2       data     extern C:\MICROC~1\MCC18\SRC\PROC\p18f452.asm
                    ADRES   0x000fc3       data     extern C:\MICROC~1\MCC18\SRC\PROC\p18f452.asm
                   ADRESL   0x000fc3       data     extern C:\MICROC~1\MCC18\SRC\PROC\p18f452.asm
                   ADRESH   0x000fc4       data     extern C:\MICROC~1\MCC18\SRC\PROC\p18f452.asm
              SSPCON2bits   0x000fc5       data     extern C:\MICROC~1\MCC18\SRC\PROC\p18f452.asm
                  SSPCON2   0x000fc5       data     extern C:\MICROC~1\MCC18\SRC\PROC\p18f452.asm
              SSPCON1bits   0x000fc6       data     extern C:\MICROC~1\MCC18\SRC\PROC\p18f452.asm
                  SSPCON1   0x000fc6       data     extern C:\MICROC~1\MCC18\SRC\PROC\p18f452.asm
                  SSPSTAT   0x000fc7       data     extern C:\MICROC~1\MCC18\SRC\PROC\p18f452.asm
              SSPSTATbits   0x000fc7       data     extern C:\MICROC~1\MCC18\SRC\PROC\p18f452.asm
                   SSPADD   0x000fc8       data     extern C:\MICROC~1\MCC18\SRC\PROC\p18f452.asm
                   SSPBUF   0x000fc9       data     extern C:\MICROC~1\MCC18\SRC\PROC\p18f452.asm
                    T2CON   0x000fca       data     extern C:\MICROC~1\MCC18\SRC\PROC\p18f452.asm
                T2CONbits   0x000fca       data     extern C:\MICROC~1\MCC18\SRC\PROC\p18f452.asm
                      PR2   0x000fcb       data     extern C:\MICROC~1\MCC18\SRC\PROC\p18f452.asm
                     TMR2   0x000fcc       data     extern C:\MICROC~1\MCC18\SRC\PROC\p18f452.asm
                T1CONbits   0x000fcd       data     extern C:\MICROC~1\MCC18\SRC\PROC\p18f452.asm
                    T1CON   0x000fcd       data     extern C:\MICROC~1\MCC18\SRC\PROC\p18f452.asm
                    TMR1L   0x000fce       data     extern C:\MICROC~1\MCC18\SRC\PROC\p18f452.asm
                     TMR1   0x000fce       data     extern C:\MICROC~1\MCC18\SRC\PROC\p18f452.asm
                    TMR1H   0x000fcf       data     extern C:\MICROC~1\MCC18\SRC\PROC\p18f452.asm
                 RCONbits   0x000fd0       data     extern C:\MICROC~1\MCC18\SRC\PROC\p18f452.asm
                     RCON   0x000fd0       data     extern C:\MICROC~1\MCC18\SRC\PROC\p18f452.asm
               WDTCONbits   0x000fd1       data     extern C:\MICROC~1\MCC18\SRC\PROC\p18f452.asm
                   WDTCON   0x000fd1       data     extern C:\MICROC~1\MCC18\SRC\PROC\p18f452.asm
                   LVDCON   0x000fd2       data     extern C:\MICROC~1\MCC18\SRC\PROC\p18f452.asm
               LVDCONbits   0x000fd2       data     extern C:\MICROC~1\MCC18\SRC\PROC\p18f452.asm
               OSCCONbits   0x000fd3       data     extern C:\MICROC~1\MCC18\SRC\PROC\p18f452.asm
                   OSCCON   0x000fd3       data     extern C:\MICROC~1\MCC18\SRC\PROC\p18f452.asm
                T0CONbits   0x000fd5       data     extern C:\MICROC~1\MCC18\SRC\PROC\p18f452.asm
                    T0CON   0x000fd5       data     extern C:\MICROC~1\MCC18\SRC\PROC\p18f452.asm
                     TMR0   0x000fd6       data     extern C:\MICROC~1\MCC18\SRC\PROC\p18f452.asm
                    TMR0L   0x000fd6       data     extern C:\MICROC~1\MCC18\SRC\PROC\p18f452.asm
                    TMR0H   0x000fd7       data     extern C:\MICROC~1\MCC18\SRC\PROC\p18f452.asm
               STATUSbits   0x000fd8       data     extern C:\MICROC~1\MCC18\SRC\PROC\p18f452.asm
                   STATUS   0x000fd8       data     extern C:\MICROC~1\MCC18\SRC\PROC\p18f452.asm
                    FSR2L   0x000fd9       data     extern C:\MICROC~1\MCC18\SRC\PROC\p18f452.asm
                     FSR2   0x000fd9       data     extern C:\MICROC~1\MCC18\SRC\PROC\p18f452.asm
                    FSR2H   0x000fda       data     extern C:\MICROC~1\MCC18\SRC\PROC\p18f452.asm
                   PLUSW2   0x000fdb       data     extern C:\MICROC~1\MCC18\SRC\PROC\p18f452.asm
                  PREINC2   0x000fdc       data     extern C:\MICROC~1\MCC18\SRC\PROC\p18f452.asm
                 POSTDEC2   0x000fdd       data     extern C:\MICROC~1\MCC18\SRC\PROC\p18f452.asm
                 POSTINC2   0x000fde       data     extern C:\MICROC~1\MCC18\SRC\PROC\p18f452.asm
                    INDF2   0x000fdf       data     extern C:\MICROC~1\MCC18\SRC\PROC\p18f452.asm
                      BSR   0x000fe0       data     extern C:\MICROC~1\MCC18\SRC\PROC\p18f452.asm
                    FSR1L   0x000fe1       data     extern C:\MICROC~1\MCC18\SRC\PROC\p18f452.asm
                     FSR1   0x000fe1       data     extern C:\MICROC~1\MCC18\SRC\PROC\p18f452.asm
                    FSR1H   0x000fe2       data     extern C:\MICROC~1\MCC18\SRC\PROC\p18f452.asm
                   PLUSW1   0x000fe3       data     extern C:\MICROC~1\MCC18\SRC\PROC\p18f452.asm
                  PREINC1   0x000fe4       data     extern C:\MICROC~1\MCC18\SRC\PROC\p18f452.asm
                 POSTDEC1   0x000fe5       data     extern C:\MICROC~1\MCC18\SRC\PROC\p18f452.asm
                 POSTINC1   0x000fe6       data     extern C:\MICROC~1\MCC18\SRC\PROC\p18f452.asm
                    INDF1   0x000fe7       data     extern C:\MICROC~1\MCC18\SRC\PROC\p18f452.asm
                        W   0x000fe8       data     extern C:\MICROC~1\MCC18\SRC\PROC\p18f452.asm
                     WREG   0x000fe8       data     extern C:\MICROC~1\MCC18\SRC\PROC\p18f452.asm
                     FSR0   0x000fe9       data     extern C:\MICROC~1\MCC18\SRC\PROC\p18f452.asm
                    FSR0L   0x000fe9       data     extern C:\MICROC~1\MCC18\SRC\PROC\p18f452.asm
                    FSR0H   0x000fea       data     extern C:\MICROC~1\MCC18\SRC\PROC\p18f452.asm
                   PLUSW0   0x000feb       data     extern C:\MICROC~1\MCC18\SRC\PROC\p18f452.asm
                  PREINC0   0x000fec       data     extern C:\MICROC~1\MCC18\SRC\PROC\p18f452.asm
                 POSTDEC0   0x000fed       data     extern C:\MICROC~1\MCC18\SRC\PROC\p18f452.asm
                 POSTINC0   0x000fee       data     extern C:\MICROC~1\MCC18\SRC\PROC\p18f452.asm
                    INDF0   0x000fef       data     extern C:\MICROC~1\MCC18\SRC\PROC\p18f452.asm
              INTCON3bits   0x000ff0       data     extern C:\MICROC~1\MCC18\SRC\PROC\p18f452.asm
                  INTCON3   0x000ff0       data     extern C:\MICROC~1\MCC18\SRC\PROC\p18f452.asm
                  INTCON2   0x000ff1       data     extern C:\MICROC~1\MCC18\SRC\PROC\p18f452.asm
              INTCON2bits   0x000ff1       data     extern C:\MICROC~1\MCC18\SRC\PROC\p18f452.asm
                   INTCON   0x000ff2       data     extern C:\MICROC~1\MCC18\SRC\PROC\p18f452.asm
               INTCONbits   0x000ff2       data     extern C:\MICROC~1\MCC18\SRC\PROC\p18f452.asm
                     PROD   0x000ff3       data     extern C:\MICROC~1\MCC18\SRC\PROC\p18f452.asm
                    PRODL   0x000ff3       data     extern C:\MICROC~1\MCC18\SRC\PROC\p18f452.asm
                    PRODH   0x000ff4       data     extern C:\MICROC~1\MCC18\SRC\PROC\p18f452.asm
                   TABLAT   0x000ff5       data     extern C:\MICROC~1\MCC18\SRC\PROC\p18f452.asm
                  TBLPTRL   0x000ff6       data     extern C:\MICROC~1\MCC18\SRC\PROC\p18f452.asm
                   TBLPTR   0x000ff6       data     extern C:\MICROC~1\MCC18\SRC\PROC\p18f452.asm
                  TBLPTRH   0x000ff7       data     extern C:\MICROC~1\MCC18\SRC\PROC\p18f452.asm
                  TBLPTRU   0x000ff8       data     extern C:\MICROC~1\MCC18\SRC\PROC\p18f452.asm
                       PC   0x000ff9       data     extern C:\MICROC~1\MCC18\SRC\PROC\p18f452.asm
                      PCL   0x000ff9       data     extern C:\MICROC~1\MCC18\SRC\PROC\p18f452.asm
                   PCLATH   0x000ffa       data     extern C:\MICROC~1\MCC18\SRC\PROC\p18f452.asm
                   PCLATU   0x000ffb       data     extern C:\MICROC~1\MCC18\SRC\PROC\p18f452.asm
                   STKPTR   0x000ffc       data     extern C:\MICROC~1\MCC18\SRC\PROC\p18f452.asm
               STKPTRbits   0x000ffc       data     extern C:\MICROC~1\MCC18\SRC\PROC\p18f452.asm
                      TOS   0x000ffd       data     extern C:\MICROC~1\MCC18\SRC\PROC\p18f452.asm
                     TOSL   0x000ffd       data     extern C:\MICROC~1\MCC18\SRC\PROC\p18f452.asm
                     TOSH   0x000ffe       data     extern C:\MICROC~1\MCC18\SRC\PROC\p18f452.asm
                     TOSU   0x000fff       data     extern C:\MICROC~1\MCC18\SRC\PROC\p18f452.asm


